Component: ARM Compiler 5.06 update 6 (build 750) Tool: armlink [4d35ed]

==============================================================================

Section Cross References

    startup_stm32f103xb.o(RESET) refers to startup_stm32f103xb.o(STACK) for __initial_sp
    startup_stm32f103xb.o(RESET) refers to startup_stm32f103xb.o(.text) for Reset_Handler
    startup_stm32f103xb.o(RESET) refers to stm32f1xx_it.o(i.NMI_Handler) for NMI_Handler
    startup_stm32f103xb.o(RESET) refers to stm32f1xx_it.o(i.HardFault_Handler) for HardFault_Handler
    startup_stm32f103xb.o(RESET) refers to stm32f1xx_it.o(i.MemManage_Handler) for MemManage_Handler
    startup_stm32f103xb.o(RESET) refers to stm32f1xx_it.o(i.BusFault_Handler) for BusFault_Handler
    startup_stm32f103xb.o(RESET) refers to stm32f1xx_it.o(i.UsageFault_Handler) for UsageFault_Handler
    startup_stm32f103xb.o(RESET) refers to stm32f1xx_it.o(i.SVC_Handler) for SVC_Handler
    startup_stm32f103xb.o(RESET) refers to stm32f1xx_it.o(i.DebugMon_Handler) for DebugMon_Handler
    startup_stm32f103xb.o(RESET) refers to stm32f1xx_it.o(i.PendSV_Handler) for PendSV_Handler
    startup_stm32f103xb.o(RESET) refers to stm32f1xx_it.o(i.SysTick_Handler) for SysTick_Handler
    startup_stm32f103xb.o(.text) refers to system_stm32f1xx.o(i.SystemInit) for SystemInit
    startup_stm32f103xb.o(.text) refers to entry.o(.ARM.Collect$$$$00000000) for __main
    stm32f1xx_it.o(i.SysTick_Handler) refers to stm32f1xx_hal.o(i.HAL_IncTick) for HAL_IncTick
    stm32f1xx_it.o(i.SysTick_Handler) refers to stm32f1xx_hal_cortex.o(i.HAL_SYSTICK_IRQHandler) for HAL_SYSTICK_IRQHandler
    stm32f1xx_hal_msp.o(i.HAL_ADC_MspDeInit) refers to stm32f1xx_hal_gpio.o(i.HAL_GPIO_DeInit) for HAL_GPIO_DeInit
    stm32f1xx_hal_msp.o(i.HAL_ADC_MspInit) refers to stm32f1xx_hal_gpio.o(i.HAL_GPIO_Init) for HAL_GPIO_Init
    stm32f1xx_hal_msp.o(i.HAL_I2C_MspDeInit) refers to stm32f1xx_hal_gpio.o(i.HAL_GPIO_DeInit) for HAL_GPIO_DeInit
    stm32f1xx_hal_msp.o(i.HAL_I2C_MspInit) refers to stm32f1xx_hal_gpio.o(i.HAL_GPIO_Init) for HAL_GPIO_Init
    stm32f1xx_hal_msp.o(i.HAL_MspInit) refers to stm32f1xx_hal_cortex.o(i.HAL_NVIC_SetPriorityGrouping) for HAL_NVIC_SetPriorityGrouping
    stm32f1xx_hal_msp.o(i.HAL_MspInit) refers to stm32f1xx_hal_cortex.o(i.HAL_NVIC_SetPriority) for HAL_NVIC_SetPriority
    stm32f1xx_hal_msp.o(i.HAL_SPI_MspDeInit) refers to stm32f1xx_hal_gpio.o(i.HAL_GPIO_DeInit) for HAL_GPIO_DeInit
    stm32f1xx_hal_msp.o(i.HAL_SPI_MspInit) refers to stm32f1xx_hal_gpio.o(i.HAL_GPIO_Init) for HAL_GPIO_Init
    stm32f1xx_hal_msp.o(i.HAL_UART_MspDeInit) refers to stm32f1xx_hal_gpio.o(i.HAL_GPIO_DeInit) for HAL_GPIO_DeInit
    stm32f1xx_hal_msp.o(i.HAL_UART_MspInit) refers to stm32f1xx_hal_gpio.o(i.HAL_GPIO_Init) for HAL_GPIO_Init
    main.o(i.DHT22_start) refers to main.o(i.set_gpio_output) for set_gpio_output
    main.o(i.DHT22_start) refers to stm32f1xx_hal_gpio.o(i.HAL_GPIO_WritePin) for HAL_GPIO_WritePin
    main.o(i.DHT22_start) refers to main.o(i.delay_us) for delay_us
    main.o(i.DHT22_start) refers to main.o(i.set_gpio_input) for set_gpio_input
    main.o(i.MX_ADC1_Init) refers to stm32f1xx_hal_adc.o(i.HAL_ADC_Init) for HAL_ADC_Init
    main.o(i.MX_ADC1_Init) refers to stm32f1xx_hal_adc.o(i.HAL_ADC_ConfigChannel) for HAL_ADC_ConfigChannel
    main.o(i.MX_ADC1_Init) refers to main.o(.bss) for .bss
    main.o(i.MX_GPIO_Init) refers to stm32f1xx_hal_gpio.o(i.HAL_GPIO_WritePin) for HAL_GPIO_WritePin
    main.o(i.MX_GPIO_Init) refers to stm32f1xx_hal_gpio.o(i.HAL_GPIO_Init) for HAL_GPIO_Init
    main.o(i.MX_I2C1_Init) refers to stm32f1xx_hal_i2c.o(i.HAL_I2C_Init) for HAL_I2C_Init
    main.o(i.MX_I2C1_Init) refers to main.o(.bss) for .bss
    main.o(i.MX_SPI1_Init) refers to stm32f1xx_hal_spi_ex.o(i.HAL_SPI_Init) for HAL_SPI_Init
    main.o(i.MX_SPI1_Init) refers to main.o(.bss) for .bss
    main.o(i.MX_TIM1_Init) refers to stm32f1xx_hal_tim.o(i.HAL_TIM_Base_Init) for HAL_TIM_Base_Init
    main.o(i.MX_TIM1_Init) refers to stm32f1xx_hal_tim.o(i.HAL_TIM_ConfigClockSource) for HAL_TIM_ConfigClockSource
    main.o(i.MX_TIM1_Init) refers to stm32f1xx_hal_tim_ex.o(i.HAL_TIMEx_MasterConfigSynchronization) for HAL_TIMEx_MasterConfigSynchronization
    main.o(i.MX_TIM1_Init) refers to main.o(.bss) for .bss
    main.o(i.SystemClock_Config) refers to stm32f1xx_hal_rcc.o(i.HAL_RCC_OscConfig) for HAL_RCC_OscConfig
    main.o(i.SystemClock_Config) refers to stm32f1xx_hal_rcc.o(i.HAL_RCC_ClockConfig) for HAL_RCC_ClockConfig
    main.o(i.SystemClock_Config) refers to stm32f1xx_hal_rcc_ex.o(i.HAL_RCCEx_PeriphCLKConfig) for HAL_RCCEx_PeriphCLKConfig
    main.o(i.SystemClock_Config) refers to stm32f1xx_hal_rcc.o(i.HAL_RCC_GetHCLKFreq) for HAL_RCC_GetHCLKFreq
    main.o(i.SystemClock_Config) refers to stm32f1xx_hal_cortex.o(i.HAL_SYSTICK_Config) for HAL_SYSTICK_Config
    main.o(i.SystemClock_Config) refers to stm32f1xx_hal_cortex.o(i.HAL_SYSTICK_CLKSourceConfig) for HAL_SYSTICK_CLKSourceConfig
[...]
    Removing stm32f1xx_hal_spi.o(i.HAL_SPI_MspInit), (2 bytes).
    Removing stm32f1xx_hal_spi.o(i.HAL_SPI_Receive), (336 bytes).
    Removing stm32f1xx_hal_spi.o(i.HAL_SPI_Receive_DMA), (212 bytes).
    Removing stm32f1xx_hal_spi.o(i.HAL_SPI_Receive_IT), (164 bytes).
    Removing stm32f1xx_hal_spi.o(i.HAL_SPI_RxCpltCallback), (2 bytes).
    Removing stm32f1xx_hal_spi.o(i.HAL_SPI_RxHalfCpltCallback), (2 bytes).
    Removing stm32f1xx_hal_spi.o(i.HAL_SPI_Transmit), (360 bytes).
    Removing stm32f1xx_hal_spi.o(i.HAL_SPI_TransmitReceive), (472 bytes).
    Removing stm32f1xx_hal_spi.o(i.HAL_SPI_TransmitReceive_DMA), (264 bytes).
    Removing stm32f1xx_hal_spi.o(i.HAL_SPI_TransmitReceive_IT), (164 bytes).
    Removing stm32f1xx_hal_spi.o(i.HAL_SPI_Transmit_DMA), (184 bytes).
    Removing stm32f1xx_hal_spi.o(i.HAL_SPI_Transmit_IT), (152 bytes).
    Removing stm32f1xx_hal_spi.o(i.HAL_SPI_TxCpltCallback), (2 bytes).
    Removing stm32f1xx_hal_spi.o(i.HAL_SPI_TxHalfCpltCallback), (2 bytes).
    Removing stm32f1xx_hal_spi.o(i.HAL_SPI_TxRxCpltCallback), (2 bytes).
    Removing stm32f1xx_hal_spi.o(i.HAL_SPI_TxRxHalfCpltCallback), (2 bytes).
    Removing stm32f1xx_hal_spi.o(i.SPI_2linesRxISR_16BIT), (48 bytes).
    Removing stm32f1xx_hal_spi.o(i.SPI_2linesRxISR_8BIT), (46 bytes).
    Removing stm32f1xx_hal_spi.o(i.SPI_2linesTxISR_16BIT), (48 bytes).
    Removing stm32f1xx_hal_spi.o(i.SPI_2linesTxISR_8BIT), (46 bytes).
    Removing stm32f1xx_hal_spi.o(i.SPI_AbortRx_ISR), (80 bytes).
    Removing stm32f1xx_hal_spi.o(i.SPI_AbortTx_ISR), (22 bytes).
    Removing stm32f1xx_hal_spi.o(i.SPI_CheckFlag_BSY), (32 bytes).
    Removing stm32f1xx_hal_spi.o(i.SPI_CloseRxTx_ISR), (144 bytes).
    Removing stm32f1xx_hal_spi.o(i.SPI_CloseRx_ISR), (78 bytes).
    Removing stm32f1xx_hal_spi.o(i.SPI_CloseTx_ISR), (124 bytes).
    Removing stm32f1xx_hal_spi.o(i.SPI_DMAAbortOnError), (16 bytes).
    Removing stm32f1xx_hal_spi.o(i.SPI_DMAError), (34 bytes).
    Removing stm32f1xx_hal_spi.o(i.SPI_DMAHalfReceiveCplt), (10 bytes).
    Removing stm32f1xx_hal_spi.o(i.SPI_DMAHalfTransmitCplt), (10 bytes).
    Removing stm32f1xx_hal_spi.o(i.SPI_DMAHalfTransmitReceiveCplt), (10 bytes).
    Removing stm32f1xx_hal_spi.o(i.SPI_DMAReceiveCplt), (82 bytes).
    Removing stm32f1xx_hal_spi.o(i.SPI_DMARxAbortCallback), (66 bytes).
    Removing stm32f1xx_hal_spi.o(i.SPI_DMATransmitCplt), (90 bytes).
    Removing stm32f1xx_hal_spi.o(i.SPI_DMATransmitReceiveCplt), (80 bytes).
    Removing stm32f1xx_hal_spi.o(i.SPI_DMATxAbortCallback), (96 bytes).
    Removing stm32f1xx_hal_spi.o(i.SPI_ISCRCErrorValid), (4 bytes).
    Removing stm32f1xx_hal_spi.o(i.SPI_RxISR_16BIT), (32 bytes).
    Removing stm32f1xx_hal_spi.o(i.SPI_RxISR_8BIT), (30 bytes).
    Removing stm32f1xx_hal_spi.o(i.SPI_TxISR_16BIT), (32 bytes).
    Removing stm32f1xx_hal_spi.o(i.SPI_TxISR_8BIT), (30 bytes).
    Removing stm32f1xx_hal_spi.o(i.SPI_WaitFlagStateUntilTimeout), (150 bytes).
    Removing stm32f1xx_hal_spi_ex.o(.rev16_text), (4 bytes).
    Removing stm32f1xx_hal_spi_ex.o(.revsh_text), (4 bytes).
    Removing stm32f1xx_hal_spi_ex.o(.rrx_text), (6 bytes).
    Removing stm32f1xx_hal_i2c.o(.rev16_text), (4 bytes).
    Removing stm32f1xx_hal_i2c.o(.revsh_text), (4 bytes).
    Removing stm32f1xx_hal_i2c.o(.rrx_text), (6 bytes).
    Removing stm32f1xx_hal_i2c.o(i.HAL_I2C_AbortCpltCallback), (2 bytes).
    Removing stm32f1xx_hal_i2c.o(i.HAL_I2C_AddrCallback), (2 bytes).
    Removing stm32f1xx_hal_i2c.o(i.HAL_I2C_DeInit), (50 bytes).
    Removing stm32f1xx_hal_i2c.o(i.HAL_I2C_DisableListen_IT), (68 bytes).
    Removing stm32f1xx_hal_i2c.o(i.HAL_I2C_ER_IRQHandler), (208 bytes).
    Removing stm32f1xx_hal_i2c.o(i.HAL_I2C_EV_IRQHandler), (496 bytes).
    Removing stm32f1xx_hal_i2c.o(i.HAL_I2C_EnableListen_IT), (58 bytes).
    Removing stm32f1xx_hal_i2c.o(i.HAL_I2C_ErrorCallback), (2 bytes).
    Removing stm32f1xx_hal_i2c.o(i.HAL_I2C_GetError), (4 bytes).
    Removing stm32f1xx_hal_i2c.o(i.HAL_I2C_GetMode), (6 bytes).
    Removing stm32f1xx_hal_i2c.o(i.HAL_I2C_GetState), (6 bytes).
    Removing stm32f1xx_hal_i2c.o(i.HAL_I2C_IsDeviceReady), (352 bytes).
    Removing stm32f1xx_hal_i2c.o(i.HAL_I2C_ListenCpltCallback), (2 bytes).
    Removing stm32f1xx_hal_i2c.o(i.HAL_I2C_MasterRxCpltCallback), (2 bytes).
    Removing stm32f1xx_hal_i2c.o(i.HAL_I2C_MasterTxCpltCallback), (2 bytes).
    Removing stm32f1xx_hal_i2c.o(i.HAL_I2C_Master_Abort_IT), (86 bytes).
    Removing stm32f1xx_hal_i2c.o(i.HAL_I2C_Master_Receive), (528 bytes).
    Removing stm32f1xx_hal_i2c.o(i.HAL_I2C_Master_Receive_DMA), (284 bytes).
    Removing stm32f1xx_hal_i2c.o(i.HAL_I2C_Master_Receive_IT), (188 bytes).
    Removing stm32f1xx_hal_i2c.o(i.HAL_I2C_Master_Sequential_Receive_IT), (204 bytes).
    Removing stm32f1xx_hal_i2c.o(i.HAL_I2C_Master_Sequential_Transmit_IT), (192 bytes).
    Removing stm32f1xx_hal_i2c.o(i.HAL_I2C_Master_Transmit), (312 bytes).
    Removing stm32f1xx_hal_i2c.o(i.HAL_I2C_Master_Transmit_DMA), (284 bytes).
    Removing stm32f1xx_hal_i2c.o(i.HAL_I2C_Master_Transmit_IT), (180 bytes).
    Removing stm32f1xx_hal_i2c.o(i.HAL_I2C_MemRxCpltCallback), (2 bytes).
    Removing stm32f1xx_hal_i2c.o(i.HAL_I2C_MemTxCpltCallback), (2 bytes).
    Removing stm32f1xx_hal_i2c.o(i.HAL_I2C_Mem_Read_DMA), (364 bytes).
    Removing stm32f1xx_hal_i2c.o(i.HAL_I2C_Mem_Read_IT), (216 bytes).
    Removing stm32f1xx_hal_i2c.o(i.HAL_I2C_Mem_Write_DMA), (284 bytes).
    Removing stm32f1xx_hal_i2c.o(i.HAL_I2C_Mem_Write_IT), (204 bytes).
    Removing stm32f1xx_hal_i2c.o(i.HAL_I2C_MspDeInit), (2 bytes).
    Removing stm32f1xx_hal_i2c.o(i.HAL_I2C_MspInit), (2 bytes).
    Removing stm32f1xx_hal_i2c.o(i.HAL_I2C_SlaveRxCpltCallback), (2 bytes).
    Removing stm32f1xx_hal_i2c.o(i.HAL_I2C_SlaveTxCpltCallback), (2 bytes).
    Removing stm32f1xx_hal_i2c.o(i.HAL_I2C_Slave_Receive), (384 bytes).
    Removing stm32f1xx_hal_i2c.o(i.HAL_I2C_Slave_Receive_DMA), (236 bytes).
    Removing stm32f1xx_hal_i2c.o(i.HAL_I2C_Slave_Receive_IT), (180 bytes).
    Removing stm32f1xx_hal_i2c.o(i.HAL_I2C_Slave_Sequential_Receive_IT), (114 bytes).
    Removing stm32f1xx_hal_i2c.o(i.HAL_I2C_Slave_Sequential_Transmit_IT), (114 bytes).
    Removing stm32f1xx_hal_i2c.o(i.HAL_I2C_Slave_Transmit), (356 bytes).
    Removing stm32f1xx_hal_i2c.o(i.HAL_I2C_Slave_Transmit_DMA), (236 bytes).
    Removing stm32f1xx_hal_i2c.o(i.HAL_I2C_Slave_Transmit_IT), (184 bytes).
    Removing stm32f1xx_hal_i2c.o(i.I2C_DMAAbort), (78 bytes).
    Removing stm32f1xx_hal_i2c.o(i.I2C_DMAError), (42 bytes).
    Removing stm32f1xx_hal_i2c.o(i.I2C_DMAXferCplt), (134 bytes).
    Removing stm32f1xx_hal_i2c.o(i.I2C_ITError), (292 bytes).
    Removing stm32f1xx_hal_i2c.o(i.I2C_MasterReceive_BTF), (200 bytes).
    Removing stm32f1xx_hal_i2c.o(i.I2C_MasterReceive_RXNE), (174 bytes).
    Removing stm32f1xx_hal_i2c.o(i.I2C_MasterRequestRead), (222 bytes).
    Removing stm32f1xx_hal_i2c.o(i.I2C_MasterRequestWrite), (148 bytes).
    Removing stm32f1xx_hal_i2c.o(i.I2C_MasterTransmit_BTF), (128 bytes).
    Removing stm32f1xx_hal_i2c.o(i.I2C_MasterTransmit_TXE), (264 bytes).
    Removing stm32f1xx_hal_i2c.o(i.I2C_Master_ADDR), (282 bytes).
    Removing stm32f1xx_hal_i2c.o(i.I2C_Master_SB), (90 bytes).
    Removing stm32f1xx_hal_i2c.o(i.I2C_Slave_AF), (132 bytes).
    Removing stm32f1xx_hal_i2c.o(i.I2C_Slave_STOPF), (220 bytes).
    Removing system_stm32f1xx.o(.rev16_text), (4 bytes).
    Removing system_stm32f1xx.o(.revsh_text), (4 bytes).
    Removing system_stm32f1xx.o(.rrx_text), (6 bytes).
    Removing system_stm32f1xx.o(i.SystemCoreClockUpdate), (104 bytes).
    Removing cdcmple.o(.text), (48 bytes).

545 unused section(s) (total 37937 bytes) removed from the image.

==============================================================================

Image Symbol Table

    Local Symbols

    Symbol Name                              Value     Ov Type        Size  Object(Section)

    ../Drivers/STM32F1xx_HAL_Driver/Src/stm32f1xx_hal.c 0x00000000   Number         0  stm32f1xx_hal.o ABSOLUTE
    ../Drivers/STM32F1xx_HAL_Driver/Src/stm32f1xx_hal_adc.c 0x00000000   Number         0  stm32f1xx_hal_adc.o ABSOLUTE
    ../Drivers/STM32F1xx_HAL_Driver/Src/stm32f1xx_hal_adc_ex.c 0x00000000   Number         0  stm32f1xx_hal_adc_ex.o ABSOLUTE
    ../Drivers/STM32F1xx_HAL_Driver/Src/stm32f1xx_hal_cortex.c 0x00000000   Number         0  stm32f1xx_hal_cortex.o ABSOLUTE
    ../Drivers/STM32F1xx_HAL_Driver/Src/stm32f1xx_hal_dma.c 0x00000000   Number         0  stm32f1xx_hal_dma.o ABSOLUTE
    ../Drivers/STM32F1xx_HAL_Driver/Src/stm32f1xx_hal_flash.c 0x00000000   Number         0  stm32f1xx_hal_flash.o ABSOLUTE
    ../Drivers/STM32F1xx_HAL_Driver/Src/stm32f1xx_hal_flash_ex.c 0x00000000   Number         0  stm32f1xx_hal_flash_ex.o ABSOLUTE
    ../Drivers/STM32F1xx_HAL_Driver/Src/stm32f1xx_hal_gpio.c 0x00000000   Number         0  stm32f1xx_hal_gpio.o ABSOLUTE
    ../Drivers/STM32F1xx_HAL_Driver/Src/stm32f1xx_hal_gpio_ex.c 0x00000000   Number         0  stm32f1xx_hal_gpio_ex.o ABSOLUTE
    ../Drivers/STM32F1xx_HAL_Driver/Src/stm32f1xx_hal_i2c.c 0x00000000   Number         0  stm32f1xx_hal_i2c.o ABSOLUTE
    ../Drivers/STM32F1xx_HAL_Driver/Src/stm32f1xx_hal_pwr.c 0x00000000   Number         0  stm32f1xx_hal_pwr.o ABSOLUTE
    ../Drivers/STM32F1xx_HAL_Driver/Src/stm32f1xx_hal_rcc.c 0x00000000   Number         0  stm32f1xx_hal_rcc.o ABSOLUTE
    ../Drivers/STM32F1xx_HAL_Driver/Src/stm32f1xx_hal_rcc_ex.c 0x00000000   Number         0  stm32f1xx_hal_rcc_ex.o ABSOLUTE
    ../Drivers/STM32F1xx_HAL_Driver/Src/stm32f1xx_hal_spi.c 0x00000000   Number         0  stm32f1xx_hal_spi.o ABSOLUTE
    ../Drivers/STM32F1xx_HAL_Driver/Src/stm32f1xx_hal_spi_ex.c 0x00000000   Number         0  stm32f1xx_hal_spi_ex.o ABSOLUTE
    ../Drivers/STM32F1xx_HAL_Driver/Src/stm32f1xx_hal_tim.c 0x00000000   Number         0  stm32f1xx_hal_tim.o ABSOLUTE
    ../Drivers/STM32F1xx_HAL_Driver/Src/stm32f1xx_hal_tim_ex.c 0x00000000   Number         0  stm32f1xx_hal_tim_ex.o ABSOLUTE
    ../Drivers/STM32F1xx_HAL_Driver/Src/stm32f1xx_hal_uart.c 0x00000000   Number         0  stm32f1xx_hal_uart.o ABSOLUTE
    ../Src/main.c                            0x00000000   Number         0  main.o ABSOLUTE
    ../Src/stm32f1xx_hal_msp.c               0x00000000   Number         0  stm32f1xx_hal_msp.o ABSOLUTE
    ../Src/stm32f1xx_it.c                    0x00000000   Number         0  stm32f1xx_it.o ABSOLUTE
    ../Src/system_stm32f1xx.c                0x00000000   Number         0  system_stm32f1xx.o ABSOLUTE
    ../clib/microlib/division.c              0x00000000   Number         0  ldiv.o ABSOLUTE
    ../clib/microlib/division.c              0x00000000   Number         0  uldiv.o ABSOLUTE
    ../clib/microlib/division.c              0x00000000   Number         0  uidiv.o ABSOLUTE
    ../clib/microlib/errno.c                 0x00000000   Number         0  errno.o ABSOLUTE
    ../clib/microlib/init/entry.s            0x00000000   Number         0  entry9b.o ABSOLUTE
    ../clib/microlib/init/entry.s            0x00000000   Number         0  entry10a.o ABSOLUTE
    ../clib/microlib/init/entry.s            0x00000000   Number         0  entry9a.o ABSOLUTE
    ../clib/microlib/init/entry.s            0x00000000   Number         0  entry8b.o ABSOLUTE
    ../clib/microlib/init/entry.s            0x00000000   Number         0  entry8a.o ABSOLUTE
    ../clib/microlib/init/entry.s            0x00000000   Number         0  entry11b.o ABSOLUTE
    ../clib/microlib/init/entry.s            0x00000000   Number         0  entry7b.o ABSOLUTE
    ../clib/microlib/init/entry.s            0x00000000   Number         0  entry7a.o ABSOLUTE
    ../clib/microlib/init/entry.s            0x00000000   Number         0  entry5.o ABSOLUTE
    ../clib/microlib/init/entry.s            0x00000000   Number         0  entry2.o ABSOLUTE
    ../clib/microlib/init/entry.s            0x00000000   Number         0  entry.o ABSOLUTE
    ../clib/microlib/init/entry.s            0x00000000   Number         0  entry11a.o ABSOLUTE
    ../clib/microlib/init/entry.s            0x00000000   Number         0  entry10b.o ABSOLUTE
    ../clib/microlib/longlong.c              0x00000000   Number         0  llushr.o ABSOLUTE
    ../clib/microlib/longlong.c              0x00000000   Number         0  llsshr.o ABSOLUTE
    ../clib/microlib/longlong.c              0x00000000   Number         0  llshl.o ABSOLUTE
    ../clib/microlib/printf/printf.c         0x00000000   Number         0  printf1.o ABSOLUTE
    ../clib/microlib/printf/printf.c         0x00000000   Number         0  printf2.o ABSOLUTE
    ../clib/microlib/printf/printf.c         0x00000000   Number         0  printf3.o ABSOLUTE
    ../clib/microlib/printf/printf.c         0x00000000   Number         0  printf4.o ABSOLUTE
    ../clib/microlib/printf/printf.c         0x00000000   Number         0  printf5.o ABSOLUTE
    ../clib/microlib/printf/printf.c         0x00000000   Number         0  printf6.o ABSOLUTE
    ../clib/microlib/printf/printf.c         0x00000000   Number         0  printf7.o ABSOLUTE
    ../clib/microlib/printf/printf.c         0x00000000   Number         0  printfa.o ABSOLUTE
    ../clib/microlib/printf/printf.c         0x00000000   Number         0  printf8.o ABSOLUTE
    ../clib/microlib/printf/printf.c         0x00000000   Number         0  printf0.o ABSOLUTE
    ../clib/microlib/printf/printf.c         0x00000000   Number         0  printfb.o ABSOLUTE
    ../clib/microlib/printf/stubs.s          0x00000000   Number         0  stubs.o ABSOLUTE
    ../clib/microlib/stdio/fputc.c           0x00000000   Number         0  fputc.o ABSOLUTE
    ../clib/microlib/stdio/semi.s            0x00000000   Number         0  semi.o ABSOLUTE
    ../clib/microlib/stdio/streams.c         0x00000000   Number         0  stdout.o ABSOLUTE
    ../clib/microlib/stubs.s                 0x00000000   Number         0  iusesemip.o ABSOLUTE
    ../clib/microlib/stubs.s                 0x00000000   Number         0  iusefp.o ABSOLUTE
    ../fplib/microlib/d2f.c                  0x00000000   Number         0  d2f.o ABSOLUTE
    ../fplib/microlib/f2d.c                  0x00000000   Number         0  f2d.o ABSOLUTE
    ../fplib/microlib/fpadd.c                0x00000000   Number         0  dadd.o ABSOLUTE
    ../fplib/microlib/fpdiv.c                0x00000000   Number         0  ddiv.o ABSOLUTE
    ../fplib/microlib/fpdiv.c                0x00000000   Number         0  fdiv.o ABSOLUTE
    ../fplib/microlib/fpepilogue.c           0x00000000   Number         0  depilogue.o ABSOLUTE
    ../fplib/microlib/fpepilogue.c           0x00000000   Number         0  fepilogue.o ABSOLUTE
    ../fplib/microlib/fpfix.c                0x00000000   Number         0  dfixul.o ABSOLUTE
    ../fplib/microlib/fpflt.c                0x00000000   Number         0  dfltui.o ABSOLUTE
    ../fplib/microlib/fpflt.c                0x00000000   Number         0  dflti.o ABSOLUTE
    ../fplib/microlib/fpflt.c                0x00000000   Number         0  fflti.o ABSOLUTE
    ../fplib/microlib/fpflt.c                0x00000000   Number         0  ffltui.o ABSOLUTE
    ../fplib/microlib/fpmul.c                0x00000000   Number         0  dmul.o ABSOLUTE
    ../fplib/microlib/fpscalb.c              0x00000000   Number         0  dscalb.o ABSOLUTE
    ../fplib/microlib/fpscalb.c              0x00000000   Number         0  fscalb.o ABSOLUTE
    ../fplib/microlib/fpsqrt.c               0x00000000   Number         0  dsqrt.o ABSOLUTE
    ../mathlib/dunder.c                      0x00000000   Number         0  dunder.o ABSOLUTE
    ../mathlib/fpclassify.c                  0x00000000   Number         0  fpclassify.o ABSOLUTE
    ../mathlib/poly.c                        0x00000000   Number         0  poly.o ABSOLUTE
    ../mathlib/pow.c                         0x00000000   Number         0  pow.o ABSOLUTE
    ../mathlib/pow.c                         0x00000000   Number         0  pow_x.o ABSOLUTE
    ../mathlib/qnan.c                        0x00000000   Number         0  qnan.o ABSOLUTE
    ../mathlib/sqrt.c                        0x00000000   Number         0  sqrt.o ABSOLUTE
    ../mathlib/sqrt.c                        0x00000000   Number         0  sqrt_x.o ABSOLUTE
    ..\Drivers\STM32F1xx_HAL_Driver\Src\stm32f1xx_hal.c 0x00000000   Number         0  stm32f1xx_hal.o ABSOLUTE
    ..\Drivers\STM32F1xx_HAL_Driver\Src\stm32f1xx_hal_adc.c 0x00000000   Number         0  stm32f1xx_hal_adc.o ABSOLUTE
    ..\Drivers\STM32F1xx_HAL_Driver\Src\stm32f1xx_hal_adc_ex.c 0x00000000   Number         0  stm32f1xx_hal_adc_ex.o ABSOLUTE
    ..\Drivers\STM32F1xx_HAL_Driver\Src\stm32f1xx_hal_cortex.c 0x00000000   Number         0  stm32f1xx_hal_cortex.o ABSOLUTE
    ..\Drivers\STM32F1xx_HAL_Driver\Src\stm32f1xx_hal_dma.c 0x00000000   Number         0  stm32f1xx_hal_dma.o ABSOLUTE
    ..\Drivers\STM32F1xx_HAL_Driver\Src\stm32f1xx_hal_flash.c 0x00000000   Number         0  stm32f1xx_hal_flash.o ABSOLUTE
    ..\Drivers\STM32F1xx_HAL_Driver\Src\stm32f1xx_hal_flash_ex.c 0x00000000   Number         0  stm32f1xx_hal_flash_ex.o ABSOLUTE
    ..\Drivers\STM32F1xx_HAL_Driver\Src\stm32f1xx_hal_gpio.c 0x00000000   Number         0  stm32f1xx_hal_gpio.o ABSOLUTE
    ..\Drivers\STM32F1xx_HAL_Driver\Src\stm32f1xx_hal_gpio_ex.c 0x00000000   Number         0  stm32f1xx_hal_gpio_ex.o ABSOLUTE
    ..\Drivers\STM32F1xx_HAL_Driver\Src\stm32f1xx_hal_i2c.c 0x00000000   Number         0  stm32f1xx_hal_i2c.o ABSOLUTE
    ..\Drivers\STM32F1xx_HAL_Driver\Src\stm32f1xx_hal_pwr.c 0x00000000   Number         0  stm32f1xx_hal_pwr.o ABSOLUTE
    ..\Drivers\STM32F1xx_HAL_Driver\Src\stm32f1xx_hal_rcc.c 0x00000000   Number         0  stm32f1xx_hal_rcc.o ABSOLUTE
    ..\Drivers\STM32F1xx_HAL_Driver\Src\stm32f1xx_hal_rcc_ex.c 0x00000000   Number         0  stm32f1xx_hal_rcc_ex.o ABSOLUTE
    ..\Drivers\STM32F1xx_HAL_Driver\Src\stm32f1xx_hal_spi.c 0x00000000   Number         0  stm32f1xx_hal_spi.o ABSOLUTE
    ..\Drivers\STM32F1xx_HAL_Driver\Src\stm32f1xx_hal_spi_ex.c 0x00000000   Number         0  stm32f1xx_hal_spi_ex.o ABSOLUTE
    ..\Drivers\STM32F1xx_HAL_Driver\Src\stm32f1xx_hal_tim.c 0x00000000   Number         0  stm32f1xx_hal_tim.o ABSOLUTE
    ..\Drivers\STM32F1xx_HAL_Driver\Src\stm32f1xx_hal_tim_ex.c 0x00000000   Number         0  stm32f1xx_hal_tim_ex.o ABSOLUTE
    ..\Drivers\STM32F1xx_HAL_Driver\Src\stm32f1xx_hal_uart.c 0x00000000   Number         0  stm32f1xx_hal_uart.o ABSOLUTE
    ..\Src\bmp280.c                          0x00000000   Number         0  bmp280.o ABSOLUTE
    ..\Src\main.c                            0x00000000   Number         0  main.o ABSOLUTE
    ..\Src\mainApp.c                         0x00000000   Number         0  mainapp.o ABSOLUTE
    ..\Src\spi.c                             0x00000000   Number         0  spi.o ABSOLUTE
    ..\Src\stm32f1xx_hal_msp.c               0x00000000   Number         0  stm32f1xx_hal_msp.o ABSOLUTE
    ..\Src\stm32f1xx_it.c                    0x00000000   Number         0  stm32f1xx_it.o ABSOLUTE
    ..\Src\sx1276_7_8.c                      0x00000000   Number         0  sx1276_7_8.o ABSOLUTE
    ..\Src\system_stm32f1xx.c                0x00000000   Number         0  system_stm32f1xx.o ABSOLUTE
    ..\\Src\\bmp280.c                        0x00000000   Number         0  bmp280.o ABSOLUTE
    ..\\Src\\mainApp.c                       0x00000000   Number         0  mainapp.o ABSOLUTE
    ..\\Src\\spi.c                           0x00000000   Number         0  spi.o ABSOLUTE
    ..\\Src\\sx1276_7_8.c                    0x00000000   Number         0  sx1276_7_8.o ABSOLUTE
    cdcmple.s                                0x00000000   Number         0  cdcmple.o ABSOLUTE
    cdrcmple.s                               0x00000000   Number         0  cdrcmple.o ABSOLUTE
    dc.s                                     0x00000000   Number         0  dc.o ABSOLUTE
    handlers.s                               0x00000000   Number         0  handlers.o ABSOLUTE
    init.s                                   0x00000000   Number         0  init.o ABSOLUTE
    startup_stm32f103xb.s                    0x00000000   Number         0  startup_stm32f103xb.o ABSOLUTE
    RESET                                    0x08000000   Section      236  startup_stm32f103xb.o(RESET)
    .ARM.Collect$$$$00000000                 0x080000ec   Section        0  entry.o(.ARM.Collect$$$$00000000)
    .ARM.Collect$$$$00000001                 0x080000ec   Section        4  entry2.o(.ARM.Collect$$$$00000001)
    .ARM.Collect$$$$00000004                 0x080000f0   Section        4  entry5.o(.ARM.Collect$$$$00000004)
    .ARM.Collect$$$$00000008                 0x080000f4   Section        0  entry7b.o(.ARM.Collect$$$$00000008)
    .ARM.Collect$$$$0000000A                 0x080000f4   Section        0  entry8b.o(.ARM.Collect$$$$0000000A)
    .ARM.Collect$$$$0000000B                 0x080000f4   Section        8  entry9a.o(.ARM.Collect$$$$0000000B)
    .ARM.Collect$$$$0000000D                 0x080000fc   Section        0  entry10a.o(.ARM.Collect$$$$0000000D)
    .ARM.Collect$$$$0000000F                 0x080000fc   Section        0  entry11a.o(.ARM.Collect$$$$0000000F)
    .ARM.Collect$$$$00002712                 0x080000fc   Section        4  entry2.o(.ARM.Collect$$$$00002712)
    __lit__00000000                          0x080000fc   Data           4  entry2.o(.ARM.Collect$$$$00002712)
    .text                                    0x08000100   Section       36  startup_stm32f103xb.o(.text)
    .text                                    0x08000124   Section        0  ldiv.o(.text)
    .text                                    0x08000186   Section        0  llushr.o(.text)
    .text                                    0x080001a6   Section        0  fdiv.o(.text)
    .text                                    0x08000222   Section        0  fscalb.o(.text)
    .text                                    0x0800023a   Section        0  dadd.o(.text)
    .text                                    0x08000388   Section        0  dmul.o(.text)
    .text                                    0x0800046c   Section        0  ddiv.o(.text)
    .text                                    0x0800054a   Section        0  fflti.o(.text)
    .text                                    0x0800055c   Section        0  ffltui.o(.text)
    .text                                    0x08000566   Section        0  dfltui.o(.text)
    .text                                    0x08000580   Section        0  f2d.o(.text)
    .text                                    0x080005a6   Section        0  d2f.o(.text)
    .text                                    0x080005de   Section        0  uidiv.o(.text)
    .text                                    0x0800060a   Section        0  uldiv.o(.text)
    .text                                    0x0800066c   Section        0  llshl.o(.text)
    .text                                    0x0800068a   Section        0  llsshr.o(.text)
    .text                                    0x080006ae   Section        0  iusefp.o(.text)
    .text                                    0x080006ae   Section        0  fepilogue.o(.text)
    .text                                    0x0800071c   Section        0  depilogue.o(.text)
    .text                                    0x080007d6   Section        0  dscalb.o(.text)
    .text                                    0x08000804   Section        0  dflti.o(.text)
    .text                                    0x08000826   Section        0  dfixul.o(.text)
    .text                                    0x08000858   Section       48  cdrcmple.o(.text)
    .text                                    0x08000888   Section       36  init.o(.text)
    .text                                    0x080008ac   Section        0  dsqrt.o(.text)
    i.ADC_ConversionStop_Disable             0x08000950   Section        0  stm32f1xx_hal_adc.o(i.ADC_ConversionStop_Disable)
    i.ADC_Enable                             0x0800099c   Section        0  stm32f1xx_hal_adc.o(i.ADC_Enable)
    i.BusFault_Handler                       0x08000a0c   Section        0  stm32f1xx_it.o(i.BusFault_Handler)
    i.DHT22_start                            0x08000a10   Section        0  main.o(i.DHT22_start)
    i.DebugMon_Handler                       0x08000a48   Section        0  stm32f1xx_it.o(i.DebugMon_Handler)
    i.HAL_ADC_ConfigChannel                  0x08000a4c   Section        0  stm32f1xx_hal_adc.o(i.HAL_ADC_ConfigChannel)
    i.HAL_ADC_GetValue                       0x08000b48   Section        0  stm32f1xx_hal_adc.o(i.HAL_ADC_GetValue)
    i.HAL_ADC_Init                           0x08000b50   Section        0  stm32f1xx_hal_adc.o(i.HAL_ADC_Init)
    i.HAL_ADC_MspInit                        0x08000c6c   Section        0  stm32f1xx_hal_msp.o(i.HAL_ADC_MspInit)
    i.HAL_ADC_PollForConversion              0x08000cac   Section        0  stm32f1xx_hal_adc.o(i.HAL_ADC_PollForConversion)
    i.HAL_ADC_Start                          0x08000ddc   Section        0  stm32f1xx_hal_adc.o(i.HAL_ADC_Start)
    i.HAL_ADC_Stop                           0x08000e9c   Section        0  stm32f1xx_hal_adc.o(i.HAL_ADC_Stop)
    i.HAL_Delay                              0x08000ed0   Section        0  stm32f1xx_hal.o(i.HAL_Delay)
    i.HAL_GPIO_Init                          0x08000ef4   Section        0  stm32f1xx_hal_gpio.o(i.HAL_GPIO_Init)
    i.HAL_GPIO_ReadPin                       0x080010b0   Section        0  stm32f1xx_hal_gpio.o(i.HAL_GPIO_ReadPin)
    i.HAL_GPIO_WritePin                      0x080010ba   Section        0  stm32f1xx_hal_gpio.o(i.HAL_GPIO_WritePin)
    i.HAL_GetTick                            0x080010c4   Section        0  stm32f1xx_hal.o(i.HAL_GetTick)
    i.HAL_I2C_Init                           0x080010d0   Section        0  stm32f1xx_hal_i2c.o(i.HAL_I2C_Init)
    i.HAL_I2C_Mem_Read                       0x08001210   Section        0  stm32f1xx_hal_i2c.o(i.HAL_I2C_Mem_Read)
    i.HAL_I2C_Mem_Write                      0x08001430   Section        0  stm32f1xx_hal_i2c.o(i.HAL_I2C_Mem_Write)
    i.HAL_I2C_MspInit                        0x0800156c   Section        0  stm32f1xx_hal_msp.o(i.HAL_I2C_MspInit)
    i.HAL_IncTick                            0x080015b0   Section        0  stm32f1xx_hal.o(i.HAL_IncTick)
    i.HAL_Init                               0x080015c0   Section        0  stm32f1xx_hal.o(i.HAL_Init)
    i.HAL_InitTick                           0x080015e4   Section        0  stm32f1xx_hal.o(i.HAL_InitTick)
    i.HAL_MspInit                            0x08001624   Section        0  stm32f1xx_hal_msp.o(i.HAL_MspInit)
    i.HAL_NVIC_SetPriority                   0x080016a4   Section        0  stm32f1xx_hal_cortex.o(i.HAL_NVIC_SetPriority)
    i.HAL_NVIC_SetPriorityGrouping           0x080016e4   Section        0  stm32f1xx_hal_cortex.o(i.HAL_NVIC_SetPriorityGrouping)
    i.HAL_RCCEx_GetPeriphCLKFreq             0x08001708   Section        0  stm32f1xx_hal_rcc_ex.o(i.HAL_RCCEx_GetPeriphCLKFreq)
    i.HAL_RCCEx_PeriphCLKConfig              0x080017d0   Section        0  stm32f1xx_hal_rcc_ex.o(i.HAL_RCCEx_PeriphCLKConfig)
    i.HAL_RCC_ClockConfig                    0x080018bc   Section        0  stm32f1xx_hal_rcc.o(i.HAL_RCC_ClockConfig)
    i.HAL_RCC_GetHCLKFreq                    0x08001a10   Section        0  stm32f1xx_hal_rcc.o(i.HAL_RCC_GetHCLKFreq)
    i.HAL_RCC_GetPCLK1Freq                   0x08001a1c   Section        0  stm32f1xx_hal_rcc.o(i.HAL_RCC_GetPCLK1Freq)
    i.HAL_RCC_GetPCLK2Freq                   0x08001a3c   Section        0  stm32f1xx_hal_rcc.o(i.HAL_RCC_GetPCLK2Freq)
    i.HAL_RCC_GetSysClockFreq                0x08001a5c   Section        0  stm32f1xx_hal_rcc.o(i.HAL_RCC_GetSysClockFreq)
    i.HAL_RCC_OscConfig                      0x08001ac8   Section        0  stm32f1xx_hal_rcc.o(i.HAL_RCC_OscConfig)
    i.HAL_SPI_Init                           0x08001dcc   Section        0  stm32f1xx_hal_spi_ex.o(i.HAL_SPI_Init)
    i.HAL_SPI_MspInit                        0x08001e50   Section        0  stm32f1xx_hal_msp.o(i.HAL_SPI_MspInit)
    i.HAL_SYSTICK_CLKSourceConfig            0x08001ea8   Section        0  stm32f1xx_hal_cortex.o(i.HAL_SYSTICK_CLKSourceConfig)
    i.HAL_SYSTICK_Callback                   0x08001ec0   Section        0  stm32f1xx_hal_cortex.o(i.HAL_SYSTICK_Callback)
    i.HAL_SYSTICK_Config                     0x08001ec2   Section        0  stm32f1xx_hal_cortex.o(i.HAL_SYSTICK_Config)
    i.HAL_SYSTICK_IRQHandler                 0x08001eea   Section        0  stm32f1xx_hal_cortex.o(i.HAL_SYSTICK_IRQHandler)
    i.HAL_TIMEx_MasterConfigSynchronization  0x08001ef2   Section        0  stm32f1xx_hal_tim_ex.o(i.HAL_TIMEx_MasterConfigSynchronization)
    i.HAL_TIM_Base_Init                      0x08001f42   Section        0  stm32f1xx_hal_tim.o(i.HAL_TIM_Base_Init)
    i.HAL_TIM_Base_MspInit                   0x08001f78   Section        0  stm32f1xx_hal_msp.o(i.HAL_TIM_Base_MspInit)
    i.HAL_TIM_Base_Start                     0x08001fa0   Section        0  stm32f1xx_hal_tim.o(i.HAL_TIM_Base_Start)
    i.HAL_TIM_ConfigClockSource              0x08001fba   Section        0  stm32f1xx_hal_tim.o(i.HAL_TIM_ConfigClockSource)
    i.HAL_UART_Init                          0x080020ac   Section        0  stm32f1xx_hal_uart.o(i.HAL_UART_Init)
    i.HAL_UART_MspInit                       0x08002110   Section        0  stm32f1xx_hal_msp.o(i.HAL_UART_MspInit)
    i.HAL_UART_Transmit                      0x08002168   Section        0  stm32f1xx_hal_uart.o(i.HAL_UART_Transmit)
    i.HardFault_Handler                      0x08002222   Section        0  stm32f1xx_it.o(i.HardFault_Handler)
    i.I2C_IsAcknowledgeFailed                0x08002224   Section        0  stm32f1xx_hal_i2c.o(i.I2C_IsAcknowledgeFailed)
    I2C_IsAcknowledgeFailed                  0x08002225   Thumb Code    40  stm32f1xx_hal_i2c.o(i.I2C_IsAcknowledgeFailed)
    i.I2C_RequestMemoryRead                  0x0800224c   Section        0  stm32f1xx_hal_i2c.o(i.I2C_RequestMemoryRead)
    I2C_RequestMemoryRead                    0x0800224d   Thumb Code   240  stm32f1xx_hal_i2c.o(i.I2C_RequestMemoryRead)
    i.I2C_RequestMemoryWrite                 0x0800233c   Section        0  stm32f1xx_hal_i2c.o(i.I2C_RequestMemoryWrite)
    I2C_RequestMemoryWrite                   0x0800233d   Thumb Code   156  stm32f1xx_hal_i2c.o(i.I2C_RequestMemoryWrite)
    i.I2C_WaitOnBTFFlagUntilTimeout          0x080023dc   Section        0  stm32f1xx_hal_i2c.o(i.I2C_WaitOnBTFFlagUntilTimeout)
    I2C_WaitOnBTFFlagUntilTimeout            0x080023dd   Thumb Code    78  stm32f1xx_hal_i2c.o(i.I2C_WaitOnBTFFlagUntilTimeout)
    i.I2C_WaitOnFlagUntilTimeout             0x0800242a   Section        0  stm32f1xx_hal_i2c.o(i.I2C_WaitOnFlagUntilTimeout)
    I2C_WaitOnFlagUntilTimeout               0x0800242b   Thumb Code    96  stm32f1xx_hal_i2c.o(i.I2C_WaitOnFlagUntilTimeout)
    i.I2C_WaitOnMasterAddressFlagUntilTimeout 0x0800248c   Section        0  stm32f1xx_hal_i2c.o(i.I2C_WaitOnMasterAddressFlagUntilTimeout)
    I2C_WaitOnMasterAddressFlagUntilTimeout  0x0800248d   Thumb Code   136  stm32f1xx_hal_i2c.o(i.I2C_WaitOnMasterAddressFlagUntilTimeout)
    i.I2C_WaitOnRXNEFlagUntilTimeout         0x08002514   Section        0  stm32f1xx_hal_i2c.o(i.I2C_WaitOnRXNEFlagUntilTimeout)
    I2C_WaitOnRXNEFlagUntilTimeout           0x08002515   Thumb Code    98  stm32f1xx_hal_i2c.o(i.I2C_WaitOnRXNEFlagUntilTimeout)
    i.I2C_WaitOnTXEFlagUntilTimeout          0x08002576   Section        0  stm32f1xx_hal_i2c.o(i.I2C_WaitOnTXEFlagUntilTimeout)
    I2C_WaitOnTXEFlagUntilTimeout            0x08002577   Thumb Code    78  stm32f1xx_hal_i2c.o(i.I2C_WaitOnTXEFlagUntilTimeout)
    i.MX_ADC1_Init                           0x080025c4   Section        0  main.o(i.MX_ADC1_Init)
    MX_ADC1_Init                             0x080025c5   Thumb Code    48  main.o(i.MX_ADC1_Init)
    i.MX_GPIO_Init                           0x080025fc   Section        0  main.o(i.MX_GPIO_Init)
    MX_GPIO_Init                             0x080025fd   Thumb Code   156  main.o(i.MX_GPIO_Init)
    i.MX_I2C1_Init                           0x080026a4   Section        0  main.o(i.MX_I2C1_Init)
    MX_I2C1_Init                             0x080026a5   Thumb Code    34  main.o(i.MX_I2C1_Init)
    i.MX_SPI1_Init                           0x080026d4   Section        0  main.o(i.MX_SPI1_Init)
    MX_SPI1_Init                             0x080026d5   Thumb Code    46  main.o(i.MX_SPI1_Init)
    i.MX_TIM1_Init                           0x0800270c   Section        0  main.o(i.MX_TIM1_Init)
    MX_TIM1_Init                             0x0800270d   Thumb Code    64  main.o(i.MX_TIM1_Init)
    i.MemManage_Handler                      0x08002754   Section        0  stm32f1xx_it.o(i.MemManage_Handler)
    i.NMI_Handler                            0x08002756   Section        0  stm32f1xx_it.o(i.NMI_Handler)
    i.NVIC_SetPriority                       0x08002758   Section        0  stm32f1xx_hal_cortex.o(i.NVIC_SetPriority)
    NVIC_SetPriority                         0x08002759   Thumb Code    32  stm32f1xx_hal_cortex.o(i.NVIC_SetPriority)
    i.PendSV_Handler                         0x08002778   Section        0  stm32f1xx_it.o(i.PendSV_Handler)
    i.SVC_Handler                            0x0800277a   Section        0  stm32f1xx_it.o(i.SVC_Handler)
    i.SysTick_Handler                        0x0800277c   Section        0  stm32f1xx_it.o(i.SysTick_Handler)
    i.SystemClock_Config                     0x0800278a   Section        0  main.o(i.SystemClock_Config)
    i.SystemInit                             0x080027f4   Section        0  system_stm32f1xx.o(i.SystemInit)
    i.TIM_Base_SetConfig                     0x0800283c   Section        0  stm32f1xx_hal_tim.o(i.TIM_Base_SetConfig)
    i.TIM_ETR_SetConfig                      0x080028a8   Section        0  stm32f1xx_hal_tim.o(i.TIM_ETR_SetConfig)
    TIM_ETR_SetConfig                        0x080028a9   Thumb Code    20  stm32f1xx_hal_tim.o(i.TIM_ETR_SetConfig)
    i.TIM_ITRx_SetConfig                     0x080028bc   Section        0  stm32f1xx_hal_tim.o(i.TIM_ITRx_SetConfig)
    TIM_ITRx_SetConfig                       0x080028bd   Thumb Code    16  stm32f1xx_hal_tim.o(i.TIM_ITRx_SetConfig)
    i.TIM_TI1_ConfigInputStage               0x080028cc   Section        0  stm32f1xx_hal_tim.o(i.TIM_TI1_ConfigInputStage)
    TIM_TI1_ConfigInputStage                 0x080028cd   Thumb Code    34  stm32f1xx_hal_tim.o(i.TIM_TI1_ConfigInputStage)
    i.TIM_TI2_ConfigInputStage               0x080028ee   Section        0  stm32f1xx_hal_tim.o(i.TIM_TI2_ConfigInputStage)
    TIM_TI2_ConfigInputStage                 0x080028ef   Thumb Code    36  stm32f1xx_hal_tim.o(i.TIM_TI2_ConfigInputStage)
    i.UART_SetConfig                         0x08002914   Section        0  stm32f1xx_hal_uart.o(i.UART_SetConfig)
    UART_SetConfig                           0x08002915   Thumb Code   364  stm32f1xx_hal_uart.o(i.UART_SetConfig)
    i.UART_WaitOnFlagUntilTimeout            0x08002a84   Section        0  stm32f1xx_hal_uart.o(i.UART_WaitOnFlagUntilTimeout)
    UART_WaitOnFlagUntilTimeout              0x08002a85   Thumb Code   100  stm32f1xx_hal_uart.o(i.UART_WaitOnFlagUntilTimeout)
    i.UsageFault_Handler                     0x08002ae8   Section        0  stm32f1xx_it.o(i.UsageFault_Handler)
    i.__0sprintf                             0x08002aec   Section        0  printfa.o(i.__0sprintf)
    i.__ARM_fpclassify                       0x08002b14   Section        0  fpclassify.o(i.__ARM_fpclassify)
    i.__kernel_poly                          0x08002b3c   Section        0  poly.o(i.__kernel_poly)
    i.__mathlib_dbl_divzero                  0x08002be8   Section        0  dunder.o(i.__mathlib_dbl_divzero)
    i.__mathlib_dbl_infnan2                  0x08002bf8   Section        0  dunder.o(i.__mathlib_dbl_infnan2)
    i.__mathlib_dbl_invalid                  0x08002bfc   Section        0  dunder.o(i.__mathlib_dbl_invalid)
    i.__mathlib_dbl_overflow                 0x08002c08   Section        0  dunder.o(i.__mathlib_dbl_overflow)
    i.__mathlib_dbl_underflow                0x08002c18   Section        0  dunder.o(i.__mathlib_dbl_underflow)
    i.__scatterload_copy                     0x08002c28   Section       14  handlers.o(i.__scatterload_copy)
    i.__scatterload_null                     0x08002c36   Section        2  handlers.o(i.__scatterload_null)
    i.__scatterload_zeroinit                 0x08002c38   Section       14  handlers.o(i.__scatterload_zeroinit)
    i.__set_errno                            0x08002c48   Section        0  errno.o(i.__set_errno)
    i._fp_digits                             0x08002c54   Section        0  printfa.o(i._fp_digits)
    _fp_digits                               0x08002c55   Thumb Code   366  printfa.o(i._fp_digits)
    i._printf_core                           0x08002dd8   Section        0  printfa.o(i._printf_core)
    _printf_core                             0x08002dd9   Thumb Code  1744  printfa.o(i._printf_core)
    i._printf_post_padding                   0x080034b4   Section        0  printfa.o(i._printf_post_padding)
    _printf_post_padding                     0x080034b5   Thumb Code    36  printfa.o(i._printf_post_padding)
    i._printf_pre_padding                    0x080034d8   Section        0  printfa.o(i._printf_pre_padding)
    _printf_pre_padding                      0x080034d9   Thumb Code    46  printfa.o(i._printf_pre_padding)
    i._sputc                                 0x08003506   Section        0  printfa.o(i._sputc)
    _sputc                                   0x08003507   Thumb Code    10  printfa.o(i._sputc)
    i.bmp280_init                            0x08003510   Section        0  bmp280.o(i.bmp280_init)
    i.bmp280_init_default_params             0x080035d8   Section        0  bmp280.o(i.bmp280_init_default_params)
    i.bmp280_read_fixed                      0x080035ea   Section        0  bmp280.o(i.bmp280_read_fixed)
    i.bmp280_read_float                      0x080036f8   Section        0  bmp280.o(i.bmp280_read_float)
    i.check_response                         0x0800374c   Section        0  main.o(i.check_response)
    i.compensate_pressure                    0x08003790   Section        0  bmp280.o(i.compensate_pressure)
    compensate_pressure                      0x08003791   Thumb Code   342  bmp280.o(i.compensate_pressure)
    i.delay_us                               0x080038ec   Section        0  main.o(i.delay_us)
    i.main                                   0x08003904   Section        0  main.o(i.main)
    i.map                                    0x08003c34   Section        0  main.o(i.map)
    i.pow                                    0x08003c48   Section        0  pow.o(i.pow)
    i.read_calibration_data                  0x08004620   Section        0  bmp280.o(i.read_calibration_data)
    read_calibration_data                    0x08004621   Thumb Code   176  bmp280.o(i.read_calibration_data)
    i.read_data                              0x080046d0   Section        0  main.o(i.read_data)
    i.read_data                              0x0800472c   Section        0  bmp280.o(i.read_data)
    read_data                                0x0800472d   Thumb Code    42  bmp280.o(i.read_data)
    i.read_hum_calibration_data              0x08004756   Section        0  bmp280.o(i.read_hum_calibration_data)
    read_hum_calibration_data                0x08004757   Thumb Code   120  bmp280.o(i.read_hum_calibration_data)
    i.read_register16                        0x080047ce   Section        0  bmp280.o(i.read_register16)
    read_register16                          0x080047cf   Thumb Code    56  bmp280.o(i.read_register16)
    i.set_gpio_input                         0x08004808   Section        0  main.o(i.set_gpio_input)
    i.set_gpio_output                        0x08004828   Section        0  main.o(i.set_gpio_output)
    i.sqrt                                   0x08004848   Section        0  sqrt.o(i.sqrt)
    i.write_register8                        0x08004894   Section        0  bmp280.o(i.write_register8)
    write_register8                          0x08004895   Thumb Code    46  bmp280.o(i.write_register8)
    .constdata                               0x080048c2   Section       16  system_stm32f1xx.o(.constdata)
    .constdata                               0x080048d2   Section        8  system_stm32f1xx.o(.constdata)
    .constdata                               0x080048e0   Section      136  pow.o(.constdata)
    bp                                       0x080048e0   Data          16  pow.o(.constdata)
    dp_h                                     0x080048f0   Data          16  pow.o(.constdata)
    dp_l                                     0x08004900   Data          16  pow.o(.constdata)
    L                                        0x08004910   Data          48  pow.o(.constdata)
    P                                        0x08004940   Data          40  pow.o(.constdata)
    .constdata                               0x08004968   Section        8  qnan.o(.constdata)
    .data                                    0x20000000   Section       48  main.o(.data)
    .data                                    0x20000030   Section       12  stm32f1xx_hal.o(.data)
    .data                                    0x2000003c   Section        4  system_stm32f1xx.o(.data)
    .data                                    0x20000040   Section        4  errno.o(.data)
    _errno                                   0x20000040   Data           4  errno.o(.data)
    .bss                                     0x20000044   Section      544  main.o(.bss)
    STACK                                    0x20000268   Section     1024  startup_stm32f103xb.o(STACK)

    Global Symbols

    Symbol Name                              Value     Ov Type        Size  Object(Section)

    BuildAttributes$$THM_ISAv4$P$D$K$B$S$PE$A:L22UL41UL21$X:L11$S22US41US21$IEEE1$IW$USESV6$~STKCKD$USESV7$~SHL$OTIME$ROPI$IEEEX$EBA8$MICROLIB$REQ8$PRES8$EABIv2 0x00000000   Number         0  anon$$obj.o ABSOLUTE
    __ARM_use_no_argv                        0x00000000   Number         0  main.o ABSOLUTE
    _printf_a                                0x00000000   Number         0  stubs.o ABSOLUTE
    _printf_c                                0x00000000   Number         0  stubs.o ABSOLUTE
    _printf_charcount                        0x00000000   Number         0  stubs.o ABSOLUTE
    _printf_d                                0x00000000   Number         0  stubs.o ABSOLUTE
    _printf_e                                0x00000000   Number         0  stubs.o ABSOLUTE
    _printf_f                                0x00000000   Number         0  stubs.o ABSOLUTE
    _printf_flags                            0x00000000   Number         0  stubs.o ABSOLUTE
    _printf_fp_dec                           0x00000000   Number         0  stubs.o ABSOLUTE
    _printf_fp_hex                           0x00000000   Number         0  stubs.o ABSOLUTE
    _printf_g                                0x00000000   Number         0  stubs.o ABSOLUTE
    _printf_i                                0x00000000   Number         0  stubs.o ABSOLUTE
    _printf_int_dec                          0x00000000   Number         0  stubs.o ABSOLUTE
    _printf_l                                0x00000000   Number         0  stubs.o ABSOLUTE
    _printf_lc                               0x00000000   Number         0  stubs.o ABSOLUTE
    _printf_ll                               0x00000000   Number         0  stubs.o ABSOLUTE
    _printf_lld                              0x00000000   Number         0  stubs.o ABSOLUTE
    _printf_lli                              0x00000000   Number         0  stubs.o ABSOLUTE
    _printf_llo                              0x00000000   Number         0  stubs.o ABSOLUTE
    _printf_llu                              0x00000000   Number         0  stubs.o ABSOLUTE
    _printf_llx                              0x00000000   Number         0  stubs.o ABSOLUTE
    _printf_longlong_dec                     0x00000000   Number         0  stubs.o ABSOLUTE
    _printf_longlong_hex                     0x00000000   Number         0  stubs.o ABSOLUTE
    _printf_longlong_oct                     0x00000000   Number         0  stubs.o ABSOLUTE
    _printf_ls                               0x00000000   Number         0  stubs.o ABSOLUTE
    _printf_mbtowc                           0x00000000   Number         0  stubs.o ABSOLUTE
    _printf_n                                0x00000000   Number         0  stubs.o ABSOLUTE
    _printf_o                                0x00000000   Number         0  stubs.o ABSOLUTE
    _printf_p                                0x00000000   Number         0  stubs.o ABSOLUTE
    _printf_percent                          0x00000000   Number         0  stubs.o ABSOLUTE
    _printf_pre_padding                      0x00000000   Number         0  stubs.o ABSOLUTE
    _printf_return_value                     0x00000000   Number         0  stubs.o ABSOLUTE
    _printf_s                                0x00000000   Number         0  stubs.o ABSOLUTE
    _printf_sizespec                         0x00000000   Number         0  stubs.o ABSOLUTE
    _printf_str                              0x00000000   Number         0  stubs.o ABSOLUTE
    _printf_truncate_signed                  0x00000000   Number         0  stubs.o ABSOLUTE
    _printf_truncate_unsigned                0x00000000   Number         0  stubs.o ABSOLUTE
    _printf_u                                0x00000000   Number         0  stubs.o ABSOLUTE
    _printf_wc                               0x00000000   Number         0  stubs.o ABSOLUTE
    _printf_wctomb                           0x00000000   Number         0  stubs.o ABSOLUTE
    _printf_widthprec                        0x00000000   Number         0  stubs.o ABSOLUTE
    _printf_x                                0x00000000   Number         0  stubs.o ABSOLUTE
    __cpp_initialize__aeabi_                  - Undefined Weak Reference
    __cxa_finalize                            - Undefined Weak Reference
    __decompress                              - Undefined Weak Reference
    _clock_init                               - Undefined Weak Reference
    _microlib_exit                            - Undefined Weak Reference
    __Vectors_Size                           0x000000ec   Number         0  startup_stm32f103xb.o ABSOLUTE
    __Vectors                                0x08000000   Data           4  startup_stm32f103xb.o(RESET)
    __Vectors_End                            0x080000ec   Data           0  startup_stm32f103xb.o(RESET)
    __main                                   0x080000ed   Thumb Code     0  entry.o(.ARM.Collect$$$$00000000)
    _main_stk                                0x080000ed   Thumb Code     0  entry2.o(.ARM.Collect$$$$00000001)
    _main_scatterload                        0x080000f1   Thumb Code     0  entry5.o(.ARM.Collect$$$$00000004)
    __main_after_scatterload                 0x080000f5   Thumb Code     0  entry5.o(.ARM.Collect$$$$00000004)
    _main_clock                              0x080000f5   Thumb Code     0  entry7b.o(.ARM.Collect$$$$00000008)
    _main_cpp_init                           0x080000f5   Thumb Code     0  entry8b.o(.ARM.Collect$$$$0000000A)
    _main_init                               0x080000f5   Thumb Code     0  entry9a.o(.ARM.Collect$$$$0000000B)
    __rt_final_cpp                           0x080000fd   Thumb Code     0  entry10a.o(.ARM.Collect$$$$0000000D)
    __rt_final_exit                          0x080000fd   Thumb Code     0  entry11a.o(.ARM.Collect$$$$0000000F)
    Reset_Handler                            0x08000101   Thumb Code     8  startup_stm32f103xb.o(.text)
    ADC1_2_IRQHandler                        0x0800011b   Thumb Code     0  startup_stm32f103xb.o(.text)
    CAN1_RX1_IRQHandler                      0x0800011b   Thumb Code     0  startup_stm32f103xb.o(.text)
    CAN1_SCE_IRQHandler                      0x0800011b   Thumb Code     0  startup_stm32f103xb.o(.text)
    DMA1_Channel1_IRQHandler                 0x0800011b   Thumb Code     0  startup_stm32f103xb.o(.text)
    DMA1_Channel2_IRQHandler                 0x0800011b   Thumb Code     0  startup_stm32f103xb.o(.text)
    DMA1_Channel3_IRQHandler                 0x0800011b   Thumb Code     0  startup_stm32f103xb.o(.text)
    DMA1_Channel4_IRQHandler                 0x0800011b   Thumb Code     0  startup_stm32f103xb.o(.text)
    DMA1_Channel5_IRQHandler                 0x0800011b   Thumb Code     0  startup_stm32f103xb.o(.text)
    DMA1_Channel6_IRQHandler                 0x0800011b   Thumb Code     0  startup_stm32f103xb.o(.text)
    DMA1_Channel7_IRQHandler                 0x0800011b   Thumb Code     0  startup_stm32f103xb.o(.text)
    EXTI0_IRQHandler                         0x0800011b   Thumb Code     0  startup_stm32f103xb.o(.text)
    EXTI15_10_IRQHandler                     0x0800011b   Thumb Code     0  startup_stm32f103xb.o(.text)
    EXTI1_IRQHandler                         0x0800011b   Thumb Code     0  startup_stm32f103xb.o(.text)
    EXTI2_IRQHandler                         0x0800011b   Thumb Code     0  startup_stm32f103xb.o(.text)
    EXTI3_IRQHandler                         0x0800011b   Thumb Code     0  startup_stm32f103xb.o(.text)
    EXTI4_IRQHandler                         0x0800011b   Thumb Code     0  startup_stm32f103xb.o(.text)
    EXTI9_5_IRQHandler                       0x0800011b   Thumb Code     0  startup_stm32f103xb.o(.text)
    FLASH_IRQHandler                         0x0800011b   Thumb Code     0  startup_stm32f103xb.o(.text)
    I2C1_ER_IRQHandler                       0x0800011b   Thumb Code     0  startup_stm32f103xb.o(.text)
    I2C1_EV_IRQHandler                       0x0800011b   Thumb Code     0  startup_stm32f103xb.o(.text)
    I2C2_ER_IRQHandler                       0x0800011b   Thumb Code     0  startup_stm32f103xb.o(.text)
    I2C2_EV_IRQHandler                       0x0800011b   Thumb Code     0  startup_stm32f103xb.o(.text)
    PVD_IRQHandler                           0x0800011b   Thumb Code     0  startup_stm32f103xb.o(.text)
    RCC_IRQHandler                           0x0800011b   Thumb Code     0  startup_stm32f103xb.o(.text)
    RTC_Alarm_IRQHandler                     0x0800011b   Thumb Code     0  startup_stm32f103xb.o(.text)
    RTC_IRQHandler                           0x0800011b   Thumb Code     0  startup_stm32f103xb.o(.text)
    SPI1_IRQHandler                          0x0800011b   Thumb Code     0  startup_stm32f103xb.o(.text)
    SPI2_IRQHandler                          0x0800011b   Thumb Code     0  startup_stm32f103xb.o(.text)
    TAMPER_IRQHandler                        0x0800011b   Thumb Code     0  startup_stm32f103xb.o(.text)
    TIM1_BRK_IRQHandler                      0x0800011b   Thumb Code     0  startup_stm32f103xb.o(.text)
    TIM1_CC_IRQHandler                       0x0800011b   Thumb Code     0  startup_stm32f103xb.o(.text)
    TIM1_TRG_COM_IRQHandler                  0x0800011b   Thumb Code     0  startup_stm32f103xb.o(.text)
    TIM1_UP_IRQHandler                       0x0800011b   Thumb Code     0  startup_stm32f103xb.o(.text)
    TIM2_IRQHandler                          0x0800011b   Thumb Code     0  startup_stm32f103xb.o(.text)
    TIM3_IRQHandler                          0x0800011b   Thumb Code     0  startup_stm32f103xb.o(.text)
    TIM4_IRQHandler                          0x0800011b   Thumb Code     0  startup_stm32f103xb.o(.text)
    USART1_IRQHandler                        0x0800011b   Thumb Code     0  startup_stm32f103xb.o(.text)
    USART2_IRQHandler                        0x0800011b   Thumb Code     0  startup_stm32f103xb.o(.text)
    USART3_IRQHandler                        0x0800011b   Thumb Code     0  startup_stm32f103xb.o(.text)
    USBWakeUp_IRQHandler                     0x0800011b   Thumb Code     0  startup_stm32f103xb.o(.text)
    USB_HP_CAN1_TX_IRQHandler                0x0800011b   Thumb Code     0  startup_stm32f103xb.o(.text)
    USB_LP_CAN1_RX0_IRQHandler               0x0800011b   Thumb Code     0  startup_stm32f103xb.o(.text)
    WWDG_IRQHandler                          0x0800011b   Thumb Code     0  startup_stm32f103xb.o(.text)
    __aeabi_ldivmod                          0x08000125   Thumb Code    98  ldiv.o(.text)
    __aeabi_llsr                             0x08000187   Thumb Code    32  llushr.o(.text)
    _ll_ushift_r                             0x08000187   Thumb Code     0  llushr.o(.text)
    __aeabi_fdiv                             0x080001a7   Thumb Code   124  fdiv.o(.text)
    __ARM_scalbnf                            0x08000223   Thumb Code    24  fscalb.o(.text)
    scalbnf                                  0x08000223   Thumb Code     0  fscalb.o(.text)
    __aeabi_dadd                             0x0800023b   Thumb Code   322  dadd.o(.text)
    __aeabi_dsub                             0x0800037d   Thumb Code     6  dadd.o(.text)
    __aeabi_drsub                            0x08000383   Thumb Code     6  dadd.o(.text)
    __aeabi_dmul                             0x08000389   Thumb Code   228  dmul.o(.text)
    __aeabi_ddiv                             0x0800046d   Thumb Code   222  ddiv.o(.text)
    __aeabi_i2f                              0x0800054b   Thumb Code    18  fflti.o(.text)
    __aeabi_ui2f                             0x0800055d   Thumb Code    10  ffltui.o(.text)
    __aeabi_ui2d                             0x08000567   Thumb Code    26  dfltui.o(.text)
    __aeabi_f2d                              0x08000581   Thumb Code    38  f2d.o(.text)
    __aeabi_d2f                              0x080005a7   Thumb Code    56  d2f.o(.text)
    __aeabi_uidiv                            0x080005df   Thumb Code     0  uidiv.o(.text)
    __aeabi_uidivmod                         0x080005df   Thumb Code    44  uidiv.o(.text)
    __aeabi_uldivmod                         0x0800060b   Thumb Code    98  uldiv.o(.text)
    __aeabi_llsl                             0x0800066d   Thumb Code    30  llshl.o(.text)
    _ll_shift_l                              0x0800066d   Thumb Code     0  llshl.o(.text)
    __aeabi_lasr                             0x0800068b   Thumb Code    36  llsshr.o(.text)
    _ll_sshift_r                             0x0800068b   Thumb Code     0  llsshr.o(.text)
    __I$use$fp                               0x080006af   Thumb Code     0  iusefp.o(.text)
    _float_round                             0x080006af   Thumb Code    18  fepilogue.o(.text)
    _float_epilogue                          0x080006c1   Thumb Code    92  fepilogue.o(.text)
    _double_round                            0x0800071d   Thumb Code    30  depilogue.o(.text)
    _double_epilogue                         0x0800073b   Thumb Code   156  depilogue.o(.text)
    __ARM_scalbn                             0x080007d7   Thumb Code    46  dscalb.o(.text)
    scalbn                                   0x080007d7   Thumb Code     0  dscalb.o(.text)
    __aeabi_i2d                              0x08000805   Thumb Code    34  dflti.o(.text)
    __aeabi_d2ulz                            0x08000827   Thumb Code    48  dfixul.o(.text)
    __aeabi_cdrcmple                         0x08000859   Thumb Code    48  cdrcmple.o(.text)
    __scatterload                            0x08000889   Thumb Code    28  init.o(.text)
    __scatterload_rt2                        0x08000889   Thumb Code     0  init.o(.text)
    _dsqrt                                   0x080008ad   Thumb Code   162  dsqrt.o(.text)
    ADC_ConversionStop_Disable               0x08000951   Thumb Code    76  stm32f1xx_hal_adc.o(i.ADC_ConversionStop_Disable)
    ADC_Enable                               0x0800099d   Thumb Code   104  stm32f1xx_hal_adc.o(i.ADC_Enable)
    BusFault_Handler                         0x08000a0d   Thumb Code     2  stm32f1xx_it.o(i.BusFault_Handler)
    DHT22_start                              0x08000a11   Thumb Code    52  main.o(i.DHT22_start)
    DebugMon_Handler                         0x08000a49   Thumb Code     2  stm32f1xx_it.o(i.DebugMon_Handler)
    HAL_ADC_ConfigChannel                    0x08000a4d   Thumb Code   240  stm32f1xx_hal_adc.o(i.HAL_ADC_ConfigChannel)
    HAL_ADC_GetValue                         0x08000b49   Thumb Code     6  stm32f1xx_hal_adc.o(i.HAL_ADC_GetValue)
    HAL_ADC_Init                             0x08000b51   Thumb Code   272  stm32f1xx_hal_adc.o(i.HAL_ADC_Init)
    HAL_ADC_MspInit                          0x08000c6d   Thumb Code    50  stm32f1xx_hal_msp.o(i.HAL_ADC_MspInit)
    HAL_ADC_PollForConversion                0x08000cad   Thumb Code   290  stm32f1xx_hal_adc.o(i.HAL_ADC_PollForConversion)
    HAL_ADC_Start                            0x08000ddd   Thumb Code   184  stm32f1xx_hal_adc.o(i.HAL_ADC_Start)
    HAL_ADC_Stop                             0x08000e9d   Thumb Code    52  stm32f1xx_hal_adc.o(i.HAL_ADC_Stop)
    HAL_Delay                                0x08000ed1   Thumb Code    32  stm32f1xx_hal.o(i.HAL_Delay)
    HAL_GPIO_Init                            0x08000ef5   Thumb Code   408  stm32f1xx_hal_gpio.o(i.HAL_GPIO_Init)
    HAL_GPIO_ReadPin                         0x080010b1   Thumb Code    10  stm32f1xx_hal_gpio.o(i.HAL_GPIO_ReadPin)
    HAL_GPIO_WritePin                        0x080010bb   Thumb Code    10  stm32f1xx_hal_gpio.o(i.HAL_GPIO_WritePin)
    HAL_GetTick                              0x080010c5   Thumb Code     6  stm32f1xx_hal.o(i.HAL_GetTick)
    HAL_I2C_Init                             0x080010d1   Thumb Code   302  stm32f1xx_hal_i2c.o(i.HAL_I2C_Init)
    HAL_I2C_Mem_Read                         0x08001211   Thumb Code   530  stm32f1xx_hal_i2c.o(i.HAL_I2C_Mem_Read)
    HAL_I2C_Mem_Write                        0x08001431   Thumb Code   306  stm32f1xx_hal_i2c.o(i.HAL_I2C_Mem_Write)
    HAL_I2C_MspInit                          0x0800156d   Thumb Code    54  stm32f1xx_hal_msp.o(i.HAL_I2C_MspInit)
    HAL_IncTick                              0x080015b1   Thumb Code    12  stm32f1xx_hal.o(i.HAL_IncTick)
    HAL_Init                                 0x080015c1   Thumb Code    32  stm32f1xx_hal.o(i.HAL_Init)
    HAL_InitTick                             0x080015e5   Thumb Code    54  stm32f1xx_hal.o(i.HAL_InitTick)
    HAL_MspInit                              0x08001625   Thumb Code   118  stm32f1xx_hal_msp.o(i.HAL_MspInit)
    HAL_NVIC_SetPriority                     0x080016a5   Thumb Code    60  stm32f1xx_hal_cortex.o(i.HAL_NVIC_SetPriority)
    HAL_NVIC_SetPriorityGrouping             0x080016e5   Thumb Code    26  stm32f1xx_hal_cortex.o(i.HAL_NVIC_SetPriorityGrouping)
    HAL_RCCEx_GetPeriphCLKFreq               0x08001709   Thumb Code   166  stm32f1xx_hal_rcc_ex.o(i.HAL_RCCEx_GetPeriphCLKFreq)
    HAL_RCCEx_PeriphCLKConfig                0x080017d1   Thumb Code   224  stm32f1xx_hal_rcc_ex.o(i.HAL_RCCEx_PeriphCLKConfig)
    HAL_RCC_ClockConfig                      0x080018bd   Thumb Code   322  stm32f1xx_hal_rcc.o(i.HAL_RCC_ClockConfig)
    HAL_RCC_GetHCLKFreq                      0x08001a11   Thumb Code     6  stm32f1xx_hal_rcc.o(i.HAL_RCC_GetHCLKFreq)
    HAL_RCC_GetPCLK1Freq                     0x08001a1d   Thumb Code    20  stm32f1xx_hal_rcc.o(i.HAL_RCC_GetPCLK1Freq)
    HAL_RCC_GetPCLK2Freq                     0x08001a3d   Thumb Code    20  stm32f1xx_hal_rcc.o(i.HAL_RCC_GetPCLK2Freq)
    HAL_RCC_GetSysClockFreq                  0x08001a5d   Thumb Code    74  stm32f1xx_hal_rcc.o(i.HAL_RCC_GetSysClockFreq)
    HAL_RCC_OscConfig                        0x08001ac9   Thumb Code   750  stm32f1xx_hal_rcc.o(i.HAL_RCC_OscConfig)
    HAL_SPI_Init                             0x08001dcd   Thumb Code   130  stm32f1xx_hal_spi_ex.o(i.HAL_SPI_Init)
    HAL_SPI_MspInit                          0x08001e51   Thumb Code    74  stm32f1xx_hal_msp.o(i.HAL_SPI_MspInit)
    HAL_SYSTICK_CLKSourceConfig              0x08001ea9   Thumb Code    24  stm32f1xx_hal_cortex.o(i.HAL_SYSTICK_CLKSourceConfig)
    HAL_SYSTICK_Callback                     0x08001ec1   Thumb Code     2  stm32f1xx_hal_cortex.o(i.HAL_SYSTICK_Callback)
    HAL_SYSTICK_Config                       0x08001ec3   Thumb Code    40  stm32f1xx_hal_cortex.o(i.HAL_SYSTICK_Config)
    HAL_SYSTICK_IRQHandler                   0x08001eeb   Thumb Code     8  stm32f1xx_hal_cortex.o(i.HAL_SYSTICK_IRQHandler)
    HAL_TIMEx_MasterConfigSynchronization    0x08001ef3   Thumb Code    80  stm32f1xx_hal_tim_ex.o(i.HAL_TIMEx_MasterConfigSynchronization)
    HAL_TIM_Base_Init                        0x08001f43   Thumb Code    54  stm32f1xx_hal_tim.o(i.HAL_TIM_Base_Init)
    HAL_TIM_Base_MspInit                     0x08001f79   Thumb Code    30  stm32f1xx_hal_msp.o(i.HAL_TIM_Base_MspInit)
    HAL_TIM_Base_Start                       0x08001fa1   Thumb Code    26  stm32f1xx_hal_tim.o(i.HAL_TIM_Base_Start)
    HAL_TIM_ConfigClockSource                0x08001fbb   Thumb Code   242  stm32f1xx_hal_tim.o(i.HAL_TIM_ConfigClockSource)
    HAL_UART_Init                            0x080020ad   Thumb Code    98  stm32f1xx_hal_uart.o(i.HAL_UART_Init)
    HAL_UART_MspInit                         0x08002111   Thumb Code    76  stm32f1xx_hal_msp.o(i.HAL_UART_MspInit)
    HAL_UART_Transmit                        0x08002169   Thumb Code   186  stm32f1xx_hal_uart.o(i.HAL_UART_Transmit)
    HardFault_Handler                        0x08002223   Thumb Code     2  stm32f1xx_it.o(i.HardFault_Handler)
    MemManage_Handler                        0x08002755   Thumb Code     2  stm32f1xx_it.o(i.MemManage_Handler)
    NMI_Handler                              0x08002757   Thumb Code     2  stm32f1xx_it.o(i.NMI_Handler)
    PendSV_Handler                           0x08002779   Thumb Code     2  stm32f1xx_it.o(i.PendSV_Handler)
    SVC_Handler                              0x0800277b   Thumb Code     2  stm32f1xx_it.o(i.SVC_Handler)
    SysTick_Handler                          0x0800277d   Thumb Code    14  stm32f1xx_it.o(i.SysTick_Handler)
    SystemClock_Config                       0x0800278b   Thumb Code   106  main.o(i.SystemClock_Config)
    SystemInit                               0x080027f5   Thumb Code    56  system_stm32f1xx.o(i.SystemInit)
    TIM_Base_SetConfig                       0x0800283d   Thumb Code    94  stm32f1xx_hal_tim.o(i.TIM_Base_SetConfig)
    UsageFault_Handler                       0x08002ae9   Thumb Code     2  stm32f1xx_it.o(i.UsageFault_Handler)
    __0sprintf                               0x08002aed   Thumb Code    34  printfa.o(i.__0sprintf)
    __1sprintf                               0x08002aed   Thumb Code     0  printfa.o(i.__0sprintf)
    __2sprintf                               0x08002aed   Thumb Code     0  printfa.o(i.__0sprintf)
    __c89sprintf                             0x08002aed   Thumb Code     0  printfa.o(i.__0sprintf)
    sprintf                                  0x08002aed   Thumb Code     0  printfa.o(i.__0sprintf)
    __ARM_fpclassify                         0x08002b15   Thumb Code    40  fpclassify.o(i.__ARM_fpclassify)
    __kernel_poly                            0x08002b3d   Thumb Code   170  poly.o(i.__kernel_poly)
    __mathlib_dbl_divzero                    0x08002be9   Thumb Code    12  dunder.o(i.__mathlib_dbl_divzero)
    __mathlib_dbl_infnan2                    0x08002bf9   Thumb Code     4  dunder.o(i.__mathlib_dbl_infnan2)
    __mathlib_dbl_invalid                    0x08002bfd   Thumb Code    12  dunder.o(i.__mathlib_dbl_invalid)
    __mathlib_dbl_overflow                   0x08002c09   Thumb Code    14  dunder.o(i.__mathlib_dbl_overflow)
    __mathlib_dbl_underflow                  0x08002c19   Thumb Code    10  dunder.o(i.__mathlib_dbl_underflow)
    __scatterload_copy                       0x08002c29   Thumb Code    14  handlers.o(i.__scatterload_copy)
    __scatterload_null                       0x08002c37   Thumb Code     2  handlers.o(i.__scatterload_null)
    __scatterload_zeroinit                   0x08002c39   Thumb Code    14  handlers.o(i.__scatterload_zeroinit)
    __set_errno                              0x08002c49   Thumb Code     6  errno.o(i.__set_errno)
    bmp280_init                              0x08003511   Thumb Code   200  bmp280.o(i.bmp280_init)
    bmp280_init_default_params               0x080035d9   Thumb Code    18  bmp280.o(i.bmp280_init_default_params)
    bmp280_read_fixed                        0x080035eb   Thumb Code   270  bmp280.o(i.bmp280_read_fixed)
    bmp280_read_float                        0x080036f9   Thumb Code    80  bmp280.o(i.bmp280_read_float)
    check_response                           0x0800374d   Thumb Code    60  main.o(i.check_response)
    delay_us                                 0x080038ed   Thumb Code    18  main.o(i.delay_us)
    main                                     0x08003905   Thumb Code   598  main.o(i.main)
    map                                      0x08003c35   Thumb Code    20  main.o(i.map)
    pow                                      0x08003c49   Thumb Code  2512  pow.o(i.pow)
    read_data                                0x080046d1   Thumb Code    88  main.o(i.read_data)
    set_gpio_input                           0x08004809   Thumb Code    22  main.o(i.set_gpio_input)
    set_gpio_output                          0x08004829   Thumb Code    24  main.o(i.set_gpio_output)
    sqrt                                     0x08004849   Thumb Code    76  sqrt.o(i.sqrt)
    AHBPrescTable                            0x080048c2   Data          16  system_stm32f1xx.o(.constdata)
    APBPrescTable                            0x080048d2   Data           8  system_stm32f1xx.o(.constdata)
    __mathlib_zero                           0x08004968   Data           8  qnan.o(.constdata)
    Region$$Table$$Base                      0x08004970   Number         0  anon$$obj.o(Region$$Table)
    Region$$Table$$Limit                     0x08004990   Number         0  anon$$obj.o(Region$$Table)
    check                                    0x20000000   Data           1  main.o(.data)
    Rh_byte1                                 0x20000001   Data           1  main.o(.data)
    Rh_byte2                                 0x20000002   Data           1  main.o(.data)
    Temp_byte1                               0x20000003   Data           1  main.o(.data)
    Temp_byte2                               0x20000004   Data           1  main.o(.data)
    touch                                    0x20000005   Data           1  main.o(.data)
    adcResult                                0x20000006   Data           2  main.o(.data)
    sum                                      0x20000008   Data           2  main.o(.data)
    RH                                       0x2000000a   Data           2  main.o(.data)
    TEMP                                     0x2000000c   Data           2  main.o(.data)
    size                                     0x2000000e   Data           2  main.o(.data)
    t                                        0x20000010   Data           4  main.o(.data)
    r                                        0x20000014   Data           4  main.o(.data)
    altitude                                 0x20000018   Data           4  main.o(.data)
    pressure                                 0x2000001c   Data           4  main.o(.data)
    p                                        0x20000020   Data           4  main.o(.data)
    temperature                              0x20000024   Data           4  main.o(.data)
    humidity                                 0x20000028   Data           4  main.o(.data)
    lumen                                    0x2000002c   Data           4  main.o(.data)
    uwTickFreq                               0x20000030   Data           1  stm32f1xx_hal.o(.data)
    uwTickPrio                               0x20000034   Data           4  stm32f1xx_hal.o(.data)
    uwTick                                   0x20000038   Data           4  stm32f1xx_hal.o(.data)
    SystemCoreClock                          0x2000003c   Data           4  system_stm32f1xx.o(.data)
    hadc1                                    0x20000044   Data          48  main.o(.bss)
    hi2c1                                    0x20000074   Data          84  main.o(.bss)
    hspi1                                    0x200000c8   Data          88  main.o(.bss)
    htim1                                    0x20000120   Data          64  main.o(.bss)
    huart1                                   0x20000160   Data          64  main.o(.bss)
    Data                                     0x200001a0   Data          25  main.o(.bss)
    buff                                     0x200001b9   Data         100  main.o(.bss)
    GPIO_InitStruct                          0x20000220   Data          16  main.o(.bss)
    bmp280                                   0x20000230   Data          52  main.o(.bss)
    __initial_sp                             0x20000668   Data           0  startup_stm32f103xb.o(STACK)



==============================================================================

Memory Map of the image

  Image Entry point : 0x080000ed

  Load Region LR_IROM1 (Base: 0x08000000, Size: 0x000049d4, Max: 0x00010000, ABSOLUTE)

    Execution Region ER_IROM1 (Exec base: 0x08000000, Load base: 0x08000000, Size: 0x00004990, Max: 0x00010000, ABSOLUTE)

    Exec Addr    Load Addr    Size         Type   Attr      Idx    E Section Name        Object

    0x08000000   0x08000000   0x000000ec   Data   RO            3    RESET               startup_stm32f103xb.o
    0x080000ec   0x080000ec   0x00000000   Code   RO         3841  * .ARM.Collect$$$$00000000  mc_w.l(entry.o)
    0x080000ec   0x080000ec   0x00000004   Code   RO         4156    .ARM.Collect$$$$00000001  mc_w.l(entry2.o)
    0x080000f0   0x080000f0   0x00000004   Code   RO         4159    .ARM.Collect$$$$00000004  mc_w.l(entry5.o)
    0x080000f4   0x080000f4   0x00000000   Code   RO         4161    .ARM.Collect$$$$00000008  mc_w.l(entry7b.o)
    0x080000f4   0x080000f4   0x00000000   Code   RO         4163    .ARM.Collect$$$$0000000A  mc_w.l(entry8b.o)
    0x080000f4   0x080000f4   0x00000008   Code   RO         4164    .ARM.Collect$$$$0000000B  mc_w.l(entry9a.o)
    0x080000fc   0x080000fc   0x00000000   Code   RO         4166    .ARM.Collect$$$$0000000D  mc_w.l(entry10a.o)
    0x080000fc   0x080000fc   0x00000000   Code   RO         4168    .ARM.Collect$$$$0000000F  mc_w.l(entry11a.o)
    0x080000fc   0x080000fc   0x00000004   Code   RO         4157    .ARM.Collect$$$$00002712  mc_w.l(entry2.o)
    0x08000100   0x08000100   0x00000024   Code   RO            4    .text               startup_stm32f103xb.o
    0x08000124   0x08000124   0x00000062   Code   RO         3844    .text               mc_w.l(ldiv.o)
    0x08000186   0x08000186   0x00000020   Code   RO         3846    .text               mc_w.l(llushr.o)
    0x080001a6   0x080001a6   0x0000007c   Code   RO         4109    .text               mf_w.l(fdiv.o)
    0x08000222   0x08000222   0x00000018   Code   RO         4111    .text               mf_w.l(fscalb.o)
    0x0800023a   0x0800023a   0x0000014e   Code   RO         4113    .text               mf_w.l(dadd.o)
    0x08000388   0x08000388   0x000000e4   Code   RO         4115    .text               mf_w.l(dmul.o)
    0x0800046c   0x0800046c   0x000000de   Code   RO         4117    .text               mf_w.l(ddiv.o)
    0x0800054a   0x0800054a   0x00000012   Code   RO         4119    .text               mf_w.l(fflti.o)
    0x0800055c   0x0800055c   0x0000000a   Code   RO         4121    .text               mf_w.l(ffltui.o)
    0x08000566   0x08000566   0x0000001a   Code   RO         4123    .text               mf_w.l(dfltui.o)
    0x08000580   0x08000580   0x00000026   Code   RO         4125    .text               mf_w.l(f2d.o)
    0x080005a6   0x080005a6   0x00000038   Code   RO         4127    .text               mf_w.l(d2f.o)
    0x080005de   0x080005de   0x0000002c   Code   RO         4173    .text               mc_w.l(uidiv.o)
    0x0800060a   0x0800060a   0x00000062   Code   RO         4175    .text               mc_w.l(uldiv.o)
    0x0800066c   0x0800066c   0x0000001e   Code   RO         4177    .text               mc_w.l(llshl.o)
    0x0800068a   0x0800068a   0x00000024   Code   RO         4179    .text               mc_w.l(llsshr.o)
    0x080006ae   0x080006ae   0x00000000   Code   RO         4188    .text               mc_w.l(iusefp.o)
    0x080006ae   0x080006ae   0x0000006e   Code   RO         4189    .text               mf_w.l(fepilogue.o)
    0x0800071c   0x0800071c   0x000000ba   Code   RO         4191    .text               mf_w.l(depilogue.o)
    0x080007d6   0x080007d6   0x0000002e   Code   RO         4193    .text               mf_w.l(dscalb.o)
    0x08000804   0x08000804   0x00000022   Code   RO         4195    .text               mf_w.l(dflti.o)
    0x08000826   0x08000826   0x00000030   Code   RO         4197    .text               mf_w.l(dfixul.o)
    0x08000856   0x08000856   0x00000002   PAD
    0x08000858   0x08000858   0x00000030   Code   RO         4199    .text               mf_w.l(cdrcmple.o)
    0x08000888   0x08000888   0x00000024   Code   RO         4201    .text               mc_w.l(init.o)
    0x080008ac   0x080008ac   0x000000a2   Code   RO         4205    .text               mf_w.l(dsqrt.o)
    0x0800094e   0x0800094e   0x00000002   PAD
    0x08000950   0x08000950   0x0000004c   Code   RO         1890    i.ADC_ConversionStop_Disable  stm32f1xx_hal_adc.o
    0x0800099c   0x0800099c   0x00000070   Code   RO         1894    i.ADC_Enable        stm32f1xx_hal_adc.o
    0x08000a0c   0x08000a0c   0x00000002   Code   RO           13    i.BusFault_Handler  stm32f1xx_it.o
    0x08000a0e   0x08000a0e   0x00000002   PAD
    0x08000a10   0x08000a10   0x00000038   Code   RO          266    i.DHT22_start       main.o
    0x08000a48   0x08000a48   0x00000002   Code   RO           14    i.DebugMon_Handler  stm32f1xx_it.o
    0x08000a4a   0x08000a4a   0x00000002   PAD
    0x08000a4c   0x08000a4c   0x000000fc   Code   RO         1896    i.HAL_ADC_ConfigChannel  stm32f1xx_hal_adc.o
    0x08000b48   0x08000b48   0x00000006   Code   RO         1903    i.HAL_ADC_GetValue  stm32f1xx_hal_adc.o
    0x08000b4e   0x08000b4e   0x00000002   PAD
    0x08000b50   0x08000b50   0x0000011c   Code   RO         1905    i.HAL_ADC_Init      stm32f1xx_hal_adc.o
    0x08000c6c   0x08000c6c   0x00000040   Code   RO          183    i.HAL_ADC_MspInit   stm32f1xx_hal_msp.o
    0x08000cac   0x08000cac   0x00000130   Code   RO         1909    i.HAL_ADC_PollForConversion  stm32f1xx_hal_adc.o
    0x08000ddc   0x08000ddc   0x000000c0   Code   RO         1911    i.HAL_ADC_Start     stm32f1xx_hal_adc.o
    0x08000e9c   0x08000e9c   0x00000034   Code   RO         1914    i.HAL_ADC_Stop      stm32f1xx_hal_adc.o
    0x08000ed0   0x08000ed0   0x00000024   Code   RO         1335    i.HAL_Delay         stm32f1xx_hal.o
    0x08000ef4   0x08000ef4   0x000001bc   Code   RO         1827    i.HAL_GPIO_Init     stm32f1xx_hal_gpio.o
    0x080010b0   0x080010b0   0x0000000a   Code   RO         1829    i.HAL_GPIO_ReadPin  stm32f1xx_hal_gpio.o
    0x080010ba   0x080010ba   0x0000000a   Code   RO         1831    i.HAL_GPIO_WritePin  stm32f1xx_hal_gpio.o
    0x080010c4   0x080010c4   0x0000000c   Code   RO         1339    i.HAL_GetTick       stm32f1xx_hal.o
    0x080010d0   0x080010d0   0x00000140   Code   RO         3409    i.HAL_I2C_Init      stm32f1xx_hal_i2c.o
    0x08001210   0x08001210   0x00000220   Code   RO         3425    i.HAL_I2C_Mem_Read  stm32f1xx_hal_i2c.o
    0x08001430   0x08001430   0x0000013c   Code   RO         3428    i.HAL_I2C_Mem_Write  stm32f1xx_hal_i2c.o
    0x0800156c   0x0800156c   0x00000044   Code   RO          185    i.HAL_I2C_MspInit   stm32f1xx_hal_msp.o
    0x080015b0   0x080015b0   0x00000010   Code   RO         1343    i.HAL_IncTick       stm32f1xx_hal.o
    0x080015c0   0x080015c0   0x00000024   Code   RO         1344    i.HAL_Init          stm32f1xx_hal.o
    0x080015e4   0x080015e4   0x00000040   Code   RO         1345    i.HAL_InitTick      stm32f1xx_hal.o
    0x08001624   0x08001624   0x00000080   Code   RO          186    i.HAL_MspInit       stm32f1xx_hal_msp.o
    0x080016a4   0x080016a4   0x00000040   Code   RO         1715    i.HAL_NVIC_SetPriority  stm32f1xx_hal_cortex.o
    0x080016e4   0x080016e4   0x00000024   Code   RO         1716    i.HAL_NVIC_SetPriorityGrouping  stm32f1xx_hal_cortex.o
    0x08001708   0x08001708   0x000000c8   Code   RO         2726    i.HAL_RCCEx_GetPeriphCLKFreq  stm32f1xx_hal_rcc_ex.o
    0x080017d0   0x080017d0   0x000000ec   Code   RO         2727    i.HAL_RCCEx_PeriphCLKConfig  stm32f1xx_hal_rcc_ex.o
    0x080018bc   0x080018bc   0x00000154   Code   RO         2762    i.HAL_RCC_ClockConfig  stm32f1xx_hal_rcc.o
    0x08001a10   0x08001a10   0x0000000c   Code   RO         2767    i.HAL_RCC_GetHCLKFreq  stm32f1xx_hal_rcc.o
    0x08001a1c   0x08001a1c   0x00000020   Code   RO         2769    i.HAL_RCC_GetPCLK1Freq  stm32f1xx_hal_rcc.o
    0x08001a3c   0x08001a3c   0x00000020   Code   RO         2770    i.HAL_RCC_GetPCLK2Freq  stm32f1xx_hal_rcc.o
    0x08001a5c   0x08001a5c   0x0000006c   Code   RO         2771    i.HAL_RCC_GetSysClockFreq  stm32f1xx_hal_rcc.o
    0x08001ac8   0x08001ac8   0x00000304   Code   RO         2774    i.HAL_RCC_OscConfig  stm32f1xx_hal_rcc.o
    0x08001dcc   0x08001dcc   0x00000082   Code   RO         3374    i.HAL_SPI_Init      stm32f1xx_hal_spi_ex.o
    0x08001e4e   0x08001e4e   0x00000002   PAD
    0x08001e50   0x08001e50   0x00000058   Code   RO          188    i.HAL_SPI_MspInit   stm32f1xx_hal_msp.o
    0x08001ea8   0x08001ea8   0x00000018   Code   RO         1718    i.HAL_SYSTICK_CLKSourceConfig  stm32f1xx_hal_cortex.o
    0x08001ec0   0x08001ec0   0x00000002   Code   RO         1719    i.HAL_SYSTICK_Callback  stm32f1xx_hal_cortex.o
    0x08001ec2   0x08001ec2   0x00000028   Code   RO         1720    i.HAL_SYSTICK_Config  stm32f1xx_hal_cortex.o
    0x08001eea   0x08001eea   0x00000008   Code   RO         1721    i.HAL_SYSTICK_IRQHandler  stm32f1xx_hal_cortex.o
    0x08001ef2   0x08001ef2   0x00000050   Code   RO         2087    i.HAL_TIMEx_MasterConfigSynchronization  stm32f1xx_hal_tim_ex.o
    0x08001f42   0x08001f42   0x00000036   Code   RO          699    i.HAL_TIM_Base_Init  stm32f1xx_hal_tim.o
    0x08001f78   0x08001f78   0x00000028   Code   RO          190    i.HAL_TIM_Base_MspInit  stm32f1xx_hal_msp.o
    0x08001fa0   0x08001fa0   0x0000001a   Code   RO          702    i.HAL_TIM_Base_Start  stm32f1xx_hal_tim.o
    0x08001fba   0x08001fba   0x000000f2   Code   RO          708    i.HAL_TIM_ConfigClockSource  stm32f1xx_hal_tim.o
    0x080020ac   0x080020ac   0x00000062   Code   RO         2424    i.HAL_UART_Init     stm32f1xx_hal_uart.o
    0x0800210e   0x0800210e   0x00000002   PAD
    0x08002110   0x08002110   0x00000058   Code   RO          192    i.HAL_UART_MspInit  stm32f1xx_hal_msp.o
    0x08002168   0x08002168   0x000000ba   Code   RO         2432    i.HAL_UART_Transmit  stm32f1xx_hal_uart.o
    0x08002222   0x08002222   0x00000002   Code   RO           15    i.HardFault_Handler  stm32f1xx_it.o
    0x08002224   0x08002224   0x00000028   Code   RO         3447    i.I2C_IsAcknowledgeFailed  stm32f1xx_hal_i2c.o
    0x0800224c   0x0800224c   0x000000f0   Code   RO         3456    i.I2C_RequestMemoryRead  stm32f1xx_hal_i2c.o
    0x0800233c   0x0800233c   0x000000a0   Code   RO         3457    i.I2C_RequestMemoryWrite  stm32f1xx_hal_i2c.o
    0x080023dc   0x080023dc   0x0000004e   Code   RO         3460    i.I2C_WaitOnBTFFlagUntilTimeout  stm32f1xx_hal_i2c.o
    0x0800242a   0x0800242a   0x00000060   Code   RO         3461    i.I2C_WaitOnFlagUntilTimeout  stm32f1xx_hal_i2c.o
    0x0800248a   0x0800248a   0x00000002   PAD
    0x0800248c   0x0800248c   0x00000088   Code   RO         3462    i.I2C_WaitOnMasterAddressFlagUntilTimeout  stm32f1xx_hal_i2c.o
    0x08002514   0x08002514   0x00000062   Code   RO         3463    i.I2C_WaitOnRXNEFlagUntilTimeout  stm32f1xx_hal_i2c.o
    0x08002576   0x08002576   0x0000004e   Code   RO         3464    i.I2C_WaitOnTXEFlagUntilTimeout  stm32f1xx_hal_i2c.o
    0x080025c4   0x080025c4   0x00000038   Code   RO          267    i.MX_ADC1_Init      main.o
    0x080025fc   0x080025fc   0x000000a8   Code   RO          268    i.MX_GPIO_Init      main.o
    0x080026a4   0x080026a4   0x00000030   Code   RO          269    i.MX_I2C1_Init      main.o
    0x080026d4   0x080026d4   0x00000038   Code   RO          270    i.MX_SPI1_Init      main.o
    0x0800270c   0x0800270c   0x00000048   Code   RO          271    i.MX_TIM1_Init      main.o
    0x08002754   0x08002754   0x00000002   Code   RO           16    i.MemManage_Handler  stm32f1xx_it.o
    0x08002756   0x08002756   0x00000002   Code   RO           17    i.NMI_Handler       stm32f1xx_it.o
    0x08002758   0x08002758   0x00000020   Code   RO         1722    i.NVIC_SetPriority  stm32f1xx_hal_cortex.o
    0x08002778   0x08002778   0x00000002   Code   RO           18    i.PendSV_Handler    stm32f1xx_it.o
    0x0800277a   0x0800277a   0x00000002   Code   RO           19    i.SVC_Handler       stm32f1xx_it.o
    0x0800277c   0x0800277c   0x0000000e   Code   RO           20    i.SysTick_Handler   stm32f1xx_it.o
    0x0800278a   0x0800278a   0x0000006a   Code   RO          272    i.SystemClock_Config  main.o
    0x080027f4   0x080027f4   0x00000048   Code   RO         3797    i.SystemInit        system_stm32f1xx.o
    0x0800283c   0x0800283c   0x0000006c   Code   RO          783    i.TIM_Base_SetConfig  stm32f1xx_hal_tim.o
    0x080028a8   0x080028a8   0x00000014   Code   RO          790    i.TIM_ETR_SetConfig  stm32f1xx_hal_tim.o
    0x080028bc   0x080028bc   0x00000010   Code   RO          791    i.TIM_ITRx_SetConfig  stm32f1xx_hal_tim.o
    0x080028cc   0x080028cc   0x00000022   Code   RO          797    i.TIM_TI1_ConfigInputStage  stm32f1xx_hal_tim.o
    0x080028ee   0x080028ee   0x00000024   Code   RO          799    i.TIM_TI2_ConfigInputStage  stm32f1xx_hal_tim.o
    0x08002912   0x08002912   0x00000002   PAD
    0x08002914   0x08002914   0x00000170   Code   RO         2450    i.UART_SetConfig    stm32f1xx_hal_uart.o
    0x08002a84   0x08002a84   0x00000064   Code   RO         2452    i.UART_WaitOnFlagUntilTimeout  stm32f1xx_hal_uart.o
    0x08002ae8   0x08002ae8   0x00000002   Code   RO           21    i.UsageFault_Handler  stm32f1xx_it.o
    0x08002aea   0x08002aea   0x00000002   PAD
    0x08002aec   0x08002aec   0x00000028   Code   RO         4083    i.__0sprintf        mc_w.l(printfa.o)
    0x08002b14   0x08002b14   0x00000028   Code   RO         4143    i.__ARM_fpclassify  m_ws.l(fpclassify.o)
    0x08002b3c   0x08002b3c   0x000000aa   Code   RO         4145    i.__kernel_poly     m_ws.l(poly.o)
    0x08002be6   0x08002be6   0x00000002   PAD
    0x08002be8   0x08002be8   0x00000010   Code   RO         4129    i.__mathlib_dbl_divzero  m_ws.l(dunder.o)
    0x08002bf8   0x08002bf8   0x00000004   Code   RO         4131    i.__mathlib_dbl_infnan2  m_ws.l(dunder.o)
    0x08002bfc   0x08002bfc   0x0000000c   Code   RO         4132    i.__mathlib_dbl_invalid  m_ws.l(dunder.o)
    0x08002c08   0x08002c08   0x0000000e   Code   RO         4133    i.__mathlib_dbl_overflow  m_ws.l(dunder.o)
    0x08002c16   0x08002c16   0x00000002   PAD
    0x08002c18   0x08002c18   0x00000010   Code   RO         4135    i.__mathlib_dbl_underflow  m_ws.l(dunder.o)
    0x08002c28   0x08002c28   0x0000000e   Code   RO         4211    i.__scatterload_copy  mc_w.l(handlers.o)
    0x08002c36   0x08002c36   0x00000002   Code   RO         4212    i.__scatterload_null  mc_w.l(handlers.o)
    0x08002c38   0x08002c38   0x0000000e   Code   RO         4213    i.__scatterload_zeroinit  mc_w.l(handlers.o)
    0x08002c46   0x08002c46   0x00000002   PAD
    0x08002c48   0x08002c48   0x0000000c   Code   RO         4183    i.__set_errno       mc_w.l(errno.o)
    0x08002c54   0x08002c54   0x00000184   Code   RO         4088    i._fp_digits        mc_w.l(printfa.o)
    0x08002dd8   0x08002dd8   0x000006dc   Code   RO         4089    i._printf_core      mc_w.l(printfa.o)
    0x080034b4   0x080034b4   0x00000024   Code   RO         4090    i._printf_post_padding  mc_w.l(printfa.o)
    0x080034d8   0x080034d8   0x0000002e   Code   RO         4091    i._printf_pre_padding  mc_w.l(printfa.o)
    0x08003506   0x08003506   0x0000000a   Code   RO         4093    i._sputc            mc_w.l(printfa.o)
    0x08003510   0x08003510   0x000000c8   Code   RO          578    i.bmp280_init       bmp280.o
    0x080035d8   0x080035d8   0x00000012   Code   RO          579    i.bmp280_init_default_params  bmp280.o
    0x080035ea   0x080035ea   0x0000010e   Code   RO          581    i.bmp280_read_fixed  bmp280.o
    0x080036f8   0x080036f8   0x00000054   Code   RO          582    i.bmp280_read_float  bmp280.o
    0x0800374c   0x0800374c   0x00000044   Code   RO          274    i.check_response    main.o
    0x08003790   0x08003790   0x0000015c   Code   RO          583    i.compensate_pressure  bmp280.o
    0x080038ec   0x080038ec   0x00000018   Code   RO          275    i.delay_us          main.o
    0x08003904   0x08003904   0x00000330   Code   RO          276    i.main              main.o
    0x08003c34   0x08003c34   0x00000014   Code   RO          277    i.map               main.o
    0x08003c48   0x08003c48   0x000009d8   Code   RO         3832    i.pow               m_ws.l(pow.o)
    0x08004620   0x08004620   0x000000b0   Code   RO          584    i.read_calibration_data  bmp280.o
    0x080046d0   0x080046d0   0x0000005c   Code   RO          278    i.read_data         main.o
    0x0800472c   0x0800472c   0x0000002a   Code   RO          585    i.read_data         bmp280.o
    0x08004756   0x08004756   0x00000078   Code   RO          586    i.read_hum_calibration_data  bmp280.o
    0x080047ce   0x080047ce   0x00000038   Code   RO          587    i.read_register16   bmp280.o
    0x08004806   0x08004806   0x00000002   PAD
    0x08004808   0x08004808   0x00000020   Code   RO          279    i.set_gpio_input    main.o
    0x08004828   0x08004828   0x00000020   Code   RO          280    i.set_gpio_output   main.o
    0x08004848   0x08004848   0x0000004c   Code   RO         4149    i.sqrt              m_ws.l(sqrt.o)
    0x08004894   0x08004894   0x0000002e   Code   RO          588    i.write_register8   bmp280.o
    0x080048c2   0x080048c2   0x00000010   Data   RO         3798    .constdata          system_stm32f1xx.o
    0x080048d2   0x080048d2   0x00000008   Data   RO         3799    .constdata          system_stm32f1xx.o
    0x080048da   0x080048da   0x00000006   PAD
    0x080048e0   0x080048e0   0x00000088   Data   RO         3833    .constdata          m_ws.l(pow.o)
    0x08004968   0x08004968   0x00000008   Data   RO         4147    .constdata          m_ws.l(qnan.o)
    0x08004970   0x08004970   0x00000020   Data   RO         4209    Region$$Table       anon$$obj.o


    Execution Region RW_IRAM1 (Exec base: 0x20000000, Load base: 0x08004990, Size: 0x00000668, Max: 0x00005000, ABSOLUTE)

    Exec Addr    Load Addr    Size         Type   Attr      Idx    E Section Name        Object

    0x20000000   0x08004990   0x00000030   Data   RW          282    .data               main.o
    0x20000030   0x080049c0   0x0000000c   Data   RW         1351    .data               stm32f1xx_hal.o
    0x2000003c   0x080049cc   0x00000004   Data   RW         3800    .data               system_stm32f1xx.o
    0x20000040   0x080049d0   0x00000004   Data   RW         4184    .data               mc_w.l(errno.o)
    0x20000044        -       0x00000220   Zero   RW          281    .bss                main.o
    0x20000264   0x080049d4   0x00000004   PAD
    0x20000268        -       0x00000400   Zero   RW            1    STACK               startup_stm32f103xb.o


==============================================================================

Image component sizes


      Code (inc. data)   RO Data    RW Data    ZI Data      Debug   Object Name

      1360         10          0          0          0       8019   bmp280.o
      1646        310          0         48        544      10420   main.o
        36          8        236          0       1024        792   startup_stm32f103xb.o
       164         28          0         12          0       3777   stm32f1xx_hal.o
      1278         54          0          0          0       7115   stm32f1xx_hal_adc.o
       206         14          0          0          0      26676   stm32f1xx_hal_cortex.o
       464         36          0          0          0       3463   stm32f1xx_hal_gpio.o
      2106         46          0          0          0      12502   stm32f1xx_hal_i2c.o
       476         74          0          0          0       3914   stm32f1xx_hal_msp.o
      1296        104          0          0          0       5572   stm32f1xx_hal_rcc.o
       436         46          0          0          0       2505   stm32f1xx_hal_rcc_ex.o
       130          0          0          0          0       1047   stm32f1xx_hal_spi_ex.o
       536         14          0          0          0       6326   stm32f1xx_hal_tim.o
        80          0          0          0          0       1252   stm32f1xx_hal_tim_ex.o
       752          4          0          0          0       3864   stm32f1xx_hal_uart.o
        30          0          0          0          0     464762   stm32f1xx_it.o
        72         16         24          4          0       1127   system_stm32f1xx.o

    ----------------------------------------------------------------------
     11086        764        298         64       1572     563133   Object Totals
         0          0         32          0          0          0   (incl. Generated)
        18          0          6          0          4          0   (incl. Padding)

    ----------------------------------------------------------------------

      Code (inc. data)   RO Data    RW Data    ZI Data      Debug   Library Member Name

        62         10          0          0          0        340   dunder.o
        40          0          0          0          0         68   fpclassify.o
       170          0          0          0          0         96   poly.o
      2520        190        136          0          0        324   pow.o
         0          0          8          0          0          0   qnan.o
        76          0          0          0          0         84   sqrt.o
         0          0          0          0          0          0   entry.o
         0          0          0          0          0          0   entry10a.o
         0          0          0          0          0          0   entry11a.o
         8          4          0          0          0          0   entry2.o
         4          0          0          0          0          0   entry5.o
         0          0          0          0          0          0   entry7b.o
         0          0          0          0          0          0   entry8b.o
         8          4          0          0          0          0   entry9a.o
        12          6          0          4          0         68   errno.o
        30          0          0          0          0          0   handlers.o
        36          8          0          0          0         68   init.o
         0          0          0          0          0          0   iusefp.o
        98          0          0          0          0         84   ldiv.o
        30          0          0          0          0         68   llshl.o
        36          0          0          0          0         68   llsshr.o
        32          0          0          0          0         68   llushr.o
      2276         86          0          0          0        520   printfa.o
        44          0          0          0          0         80   uidiv.o
        98          0          0          0          0         92   uldiv.o
        48          0          0          0          0         68   cdrcmple.o
        56          0          0          0          0         88   d2f.o
       334          0          0          0          0        148   dadd.o
       222          0          0          0          0        100   ddiv.o
       186          0          0          0          0        176   depilogue.o
        48          0          0          0          0         68   dfixul.o
        34          0          0          0          0         76   dflti.o
        26          0          0          0          0         76   dfltui.o
       228          0          0          0          0         96   dmul.o
        46          0          0          0          0         80   dscalb.o
       162          0          0          0          0        100   dsqrt.o
        38          0          0          0          0         68   f2d.o
       124          0          0          0          0         88   fdiv.o
       110          0          0          0          0        168   fepilogue.o
        18          0          0          0          0         68   fflti.o
        10          0          0          0          0         68   ffltui.o
        24          0          0          0          0         68   fscalb.o

    ----------------------------------------------------------------------
      7304        308        144          4          0       3632   Library Totals
        10          0          0          0          0          0   (incl. Padding)

    ----------------------------------------------------------------------

      Code (inc. data)   RO Data    RW Data    ZI Data      Debug   Library Name

      2868        200        144          0          0        912   m_ws.l
      2712        108          0          4          0       1116   mc_w.l
      1714          0          0          0          0       1604   mf_w.l

    ----------------------------------------------------------------------
      7304        308        144          4          0       3632   Library Totals

    ----------------------------------------------------------------------

==============================================================================


      Code (inc. data)   RO Data    RW Data    ZI Data      Debug   

     18390       1072        442         68       1572     560157   Grand Totals
     18390       1072        442         68       1572     560157   ELF Image Totals
     18390       1072        442         68          0          0   ROM Totals

==============================================================================

    Total RO  Size (Code + RO Data)                18832 (  18.39kB)
    Total RW  Size (RW Data + ZI Data)              1640 (   1.60kB)
    Total ROM Size (Code + RO Data + RW Data)      18900 (  18.46kB)

==============================================================================

